Component: Arm Compiler for Embedded 6.19 Tool: armlink [5e73cb00]

==============================================================================

Section Cross References

    main.o(.ARM.exidx.text.delayMs) refers to main.o(.text.delayMs) for [Anonymous Symbol]
    main.o(.text.main) refers to queue.o(.text.xQueueGenericCreate) for xQueueGenericCreate
    main.o(.text.main) refers to main.o(.bss.WindowUp_driverS) for WindowUp_driverS
    main.o(.text.main) refers to main.o(.bss.WindowDown_driverS) for WindowDown_driverS
    main.o(.text.main) refers to main.o(.bss.OnOffS) for OnOffS
    main.o(.text.main) refers to main.o(.bss.WindowUp_passengerS) for WindowUp_passengerS
    main.o(.text.main) refers to main.o(.bss.WindowDown_passengerS) for WindowDown_passengerS
    main.o(.text.main) refers to main.o(.bss.ObstacleS) for ObstacleS
    main.o(.text.main) refers to queue.o(.text.xQueueCreateMutex) for xQueueCreateMutex
    main.o(.text.main) refers to main.o(.bss.MotorMutex) for MotorMutex
    main.o(.text.main) refers to main.o(.text.initTask) for initTask
    main.o(.text.main) refers to main.o(.rodata.str1.1) for .L.str
    main.o(.text.main) refers to tasks.o(.text.xTaskCreate) for xTaskCreate
    main.o(.text.main) refers to main.o(.text.WindowUp_Driver) for WindowUp_Driver
    main.o(.text.main) refers to main.o(.text.WindowDown_Driver) for WindowDown_Driver
    main.o(.text.main) refers to main.o(.text.WindowUp_Passenger) for WindowUp_Passenger
    main.o(.text.main) refers to main.o(.text.WindowDown_Passenger) for WindowDown_Passenger
    main.o(.text.main) refers to main.o(.text.OnOff) for OnOff
    main.o(.text.main) refers to tasks.o(.text.vTaskStartScheduler) for vTaskStartScheduler
    main.o(.ARM.exidx.text.main) refers to main.o(.text.main) for [Anonymous Symbol]
    main.o(.text.initTask) refers to sysctl.o(i.SysCtlPeripheralEnable) for SysCtlPeripheralEnable
    main.o(.text.initTask) refers to sysctl.o(i.SysCtlPeripheralReady) for SysCtlPeripheralReady
    main.o(.text.initTask) refers to gpio.o(i.GPIOPinTypeGPIOInput) for GPIOPinTypeGPIOInput
    main.o(.text.initTask) refers to gpio.o(i.GPIOPadConfigSet) for GPIOPadConfigSet
    main.o(.text.initTask) refers to gpio.o(i.GPIOIntEnable) for GPIOIntEnable
    main.o(.text.initTask) refers to gpio.o(i.GPIOIntTypeSet) for GPIOIntTypeSet
    main.o(.text.initTask) refers to main.o(.text.GPIOA_Handler) for GPIOA_Handler
    main.o(.text.initTask) refers to gpio.o(i.GPIOIntRegister) for GPIOIntRegister
    main.o(.text.initTask) refers to interrupt.o(i.IntPrioritySet) for IntPrioritySet
    main.o(.text.initTask) refers to main.o(.text.GPIOF_Handler) for GPIOF_Handler
    main.o(.text.initTask) refers to gpio.o(i.GPIOPinTypeGPIOOutput) for GPIOPinTypeGPIOOutput
    main.o(.text.initTask) refers to gpio.o(i.GPIOUnlockPin) for GPIOUnlockPin
    main.o(.text.initTask) refers to tasks.o(.text.vTaskSuspend) for vTaskSuspend
    main.o(.ARM.exidx.text.initTask) refers to main.o(.text.initTask) for [Anonymous Symbol]
    main.o(.text.WindowUp_Driver) refers to main.o(.bss.WindowUp_driverS) for WindowUp_driverS
    main.o(.text.WindowUp_Driver) refers to queue.o(.text.xQueueSemaphoreTake) for xQueueSemaphoreTake
    main.o(.text.WindowUp_Driver) refers to main.o(.bss.MotorMutex) for MotorMutex
    main.o(.text.WindowUp_Driver) refers to gpio.o(i.GPIOPinWrite) for GPIOPinWrite
    main.o(.text.WindowUp_Driver) refers to main.o(.text.delayMs) for delayMs
    main.o(.text.WindowUp_Driver) refers to gpio.o(i.GPIOPinRead) for GPIOPinRead
    main.o(.text.WindowUp_Driver) refers to main.o(.text.Obstacle) for Obstacle
    main.o(.text.WindowUp_Driver) refers to queue.o(.text.xQueueGenericSend) for xQueueGenericSend
    main.o(.ARM.exidx.text.WindowUp_Driver) refers to main.o(.text.WindowUp_Driver) for [Anonymous Symbol]
    main.o(.text.WindowDown_Driver) refers to main.o(.bss.WindowDown_driverS) for WindowDown_driverS
    main.o(.text.WindowDown_Driver) refers to queue.o(.text.xQueueSemaphoreTake) for xQueueSemaphoreTake
    main.o(.text.WindowDown_Driver) refers to main.o(.bss.MotorMutex) for MotorMutex
    main.o(.text.WindowDown_Driver) refers to gpio.o(i.GPIOPinWrite) for GPIOPinWrite
    main.o(.text.WindowDown_Driver) refers to main.o(.text.delayMs) for delayMs
    main.o(.text.WindowDown_Driver) refers to gpio.o(i.GPIOPinRead) for GPIOPinRead
    main.o(.text.WindowDown_Driver) refers to main.o(.text.Obstacle) for Obstacle
    main.o(.text.WindowDown_Driver) refers to queue.o(.text.xQueueGenericSend) for xQueueGenericSend
    main.o(.ARM.exidx.text.WindowDown_Driver) refers to main.o(.text.WindowDown_Driver) for [Anonymous Symbol]
    main.o(.text.WindowUp_Passenger) refers to main.o(.bss.WindowUp_passengerS) for WindowUp_passengerS
    main.o(.text.WindowUp_Passenger) refers to queue.o(.text.xQueueSemaphoreTake) for xQueueSemaphoreTake
    main.o(.text.WindowUp_Passenger) refers to main.o(.bss.MotorMutex) for MotorMutex
[...]
    Removing queue.o(.text.xQueueAddToSet), (64 bytes).
    Removing queue.o(.ARM.exidx.text.xQueueAddToSet), (8 bytes).
    Removing queue.o(.text.xQueueRemoveFromSet), (72 bytes).
    Removing queue.o(.ARM.exidx.text.xQueueRemoveFromSet), (8 bytes).
    Removing queue.o(.text.xQueueSelectFromSet), (28 bytes).
    Removing queue.o(.ARM.exidx.text.xQueueSelectFromSet), (8 bytes).
    Removing queue.o(.text.xQueueSelectFromSetFromISR), (24 bytes).
    Removing queue.o(.ARM.exidx.text.xQueueSelectFromSetFromISR), (8 bytes).
    Removing tasks.o(.text), (0 bytes).
    Removing tasks.o(.ARM.exidx.text.xTaskCreate), (8 bytes).
    Removing tasks.o(.ARM.exidx.text.prvInitialiseNewTask), (8 bytes).
    Removing tasks.o(.ARM.exidx.text.prvAddNewTaskToReadyList), (8 bytes).
    Removing tasks.o(.text.vTaskDelete), (340 bytes).
    Removing tasks.o(.ARM.exidx.text.vTaskDelete), (8 bytes).
    Removing tasks.o(.ARM.exidx.text.prvResetNextTaskUnblockTime), (8 bytes).
    Removing tasks.o(.ARM.exidx.text.prvDeleteTCB), (8 bytes).
    Removing tasks.o(.text.xTaskDelayUntil), (278 bytes).
    Removing tasks.o(.ARM.exidx.text.xTaskDelayUntil), (8 bytes).
    Removing tasks.o(.ARM.exidx.text.vTaskSuspendAll), (8 bytes).
    Removing tasks.o(.ARM.exidx.text.prvAddCurrentTaskToDelayedList), (8 bytes).
    Removing tasks.o(.ARM.exidx.text.xTaskResumeAll), (8 bytes).
    Removing tasks.o(.text.vTaskDelay), (110 bytes).
    Removing tasks.o(.ARM.exidx.text.vTaskDelay), (8 bytes).
    Removing tasks.o(.text.eTaskGetState), (272 bytes).
    Removing tasks.o(.ARM.exidx.text.eTaskGetState), (8 bytes).
    Removing tasks.o(.text.uxTaskPriorityGet), (56 bytes).
    Removing tasks.o(.ARM.exidx.text.uxTaskPriorityGet), (8 bytes).
    Removing tasks.o(.text.uxTaskPriorityGetFromISR), (90 bytes).
    Removing tasks.o(.ARM.exidx.text.uxTaskPriorityGetFromISR), (8 bytes).
    Removing tasks.o(.text.vTaskPrioritySet), (484 bytes).
    Removing tasks.o(.ARM.exidx.text.vTaskPrioritySet), (8 bytes).
    Removing tasks.o(.ARM.exidx.text.vTaskSuspend), (8 bytes).
    Removing tasks.o(.ARM.exidx.text.vTaskSwitchContext), (8 bytes).
    Removing tasks.o(.text.vTaskResume), (264 bytes).
    Removing tasks.o(.ARM.exidx.text.vTaskResume), (8 bytes).
    Removing tasks.o(.text.prvTaskIsTaskSuspended), (106 bytes).
    Removing tasks.o(.ARM.exidx.text.prvTaskIsTaskSuspended), (8 bytes).
    Removing tasks.o(.text.xTaskResumeFromISR), (304 bytes).
    Removing tasks.o(.ARM.exidx.text.xTaskResumeFromISR), (8 bytes).
    Removing tasks.o(.ARM.exidx.text.vTaskStartScheduler), (8 bytes).
    Removing tasks.o(.ARM.exidx.text.prvIdleTask), (8 bytes).
    Removing tasks.o(.text.vTaskEndScheduler), (42 bytes).
    Removing tasks.o(.ARM.exidx.text.vTaskEndScheduler), (8 bytes).
    Removing tasks.o(.ARM.exidx.text.xTaskIncrementTick), (8 bytes).
    Removing tasks.o(.ARM.exidx.text.xTaskGetTickCount), (8 bytes).
    Removing tasks.o(.text.xTaskGetTickCountFromISR), (30 bytes).
    Removing tasks.o(.ARM.exidx.text.xTaskGetTickCountFromISR), (8 bytes).
    Removing tasks.o(.ARM.exidx.text.uxTaskGetNumberOfTasks), (8 bytes).
    Removing tasks.o(.text.pcTaskGetName), (70 bytes).
    Removing tasks.o(.ARM.exidx.text.pcTaskGetName), (8 bytes).
    Removing tasks.o(.text.xTaskCatchUpTicks), (82 bytes).
    Removing tasks.o(.ARM.exidx.text.xTaskCatchUpTicks), (8 bytes).
    Removing tasks.o(.ARM.exidx.text.vTaskPlaceOnEventList), (8 bytes).
    Removing tasks.o(.text.vTaskPlaceOnUnorderedEventList), (156 bytes).
    Removing tasks.o(.ARM.exidx.text.vTaskPlaceOnUnorderedEventList), (8 bytes).
    Removing tasks.o(.ARM.exidx.text.vTaskPlaceOnEventListRestricted), (8 bytes).
    Removing tasks.o(.ARM.exidx.text.xTaskRemoveFromEventList), (8 bytes).
    Removing tasks.o(.text.vTaskRemoveFromUnorderedEventList), (356 bytes).
    Removing tasks.o(.ARM.exidx.text.vTaskRemoveFromUnorderedEventList), (8 bytes).
    Removing tasks.o(.text.vTaskSetTimeOutState), (74 bytes).
    Removing tasks.o(.ARM.exidx.text.vTaskSetTimeOutState), (8 bytes).
    Removing tasks.o(.ARM.exidx.text.vTaskInternalSetTimeOutState), (8 bytes).
    Removing tasks.o(.ARM.exidx.text.xTaskCheckForTimeOut), (8 bytes).
    Removing tasks.o(.ARM.exidx.text.vTaskMissedYield), (8 bytes).
    Removing tasks.o(.text.xTaskGetCurrentTaskHandle), (20 bytes).
    Removing tasks.o(.ARM.exidx.text.xTaskGetCurrentTaskHandle), (8 bytes).
    Removing tasks.o(.ARM.exidx.text.xTaskGetSchedulerState), (8 bytes).
    Removing tasks.o(.ARM.exidx.text.xTaskPriorityInherit), (8 bytes).
    Removing tasks.o(.ARM.exidx.text.xTaskPriorityDisinherit), (8 bytes).
    Removing tasks.o(.ARM.exidx.text.vTaskPriorityDisinheritAfterTimeout), (8 bytes).
    Removing tasks.o(.text.uxTaskResetEventItemValue), (34 bytes).
    Removing tasks.o(.ARM.exidx.text.uxTaskResetEventItemValue), (8 bytes).
    Removing tasks.o(.ARM.exidx.text.pvTaskIncrementMutexHeldCount), (8 bytes).
    Removing tasks.o(.text.ulTaskGenericNotifyTake), (248 bytes).
    Removing tasks.o(.ARM.exidx.text.ulTaskGenericNotifyTake), (8 bytes).
    Removing tasks.o(.text.xTaskGenericNotifyWait), (280 bytes).
    Removing tasks.o(.ARM.exidx.text.xTaskGenericNotifyWait), (8 bytes).
    Removing tasks.o(.text.xTaskGenericNotify), (554 bytes).
    Removing tasks.o(.ARM.exidx.text.xTaskGenericNotify), (8 bytes).
    Removing tasks.o(.text.xTaskGenericNotifyFromISR), (668 bytes).
    Removing tasks.o(.ARM.exidx.text.xTaskGenericNotifyFromISR), (8 bytes).
    Removing tasks.o(.text.vTaskGenericNotifyGiveFromISR), (498 bytes).
    Removing tasks.o(.ARM.exidx.text.vTaskGenericNotifyGiveFromISR), (8 bytes).
    Removing tasks.o(.text.xTaskGenericNotifyStateClear), (120 bytes).
    Removing tasks.o(.ARM.exidx.text.xTaskGenericNotifyStateClear), (8 bytes).
    Removing tasks.o(.text.ulTaskGenericNotifyValueClear), (82 bytes).
    Removing tasks.o(.ARM.exidx.text.ulTaskGenericNotifyValueClear), (8 bytes).
    Removing tasks.o(.ARM.exidx.text.prvInitialiseTaskLists), (8 bytes).
    Removing tasks.o(.ARM.exidx.text.prvCheckTasksWaitingTermination), (8 bytes).
    Removing timers.o(.text), (0 bytes).
    Removing timers.o(.ARM.exidx.text.xTimerCreateTimerTask), (8 bytes).
    Removing timers.o(.ARM.exidx.text.prvCheckForValidListAndQueue), (8 bytes).
    Removing timers.o(.ARM.exidx.text.prvTimerTask), (8 bytes).
    Removing timers.o(.text.xTimerCreate), (74 bytes).
    Removing timers.o(.ARM.exidx.text.xTimerCreate), (8 bytes).
    Removing timers.o(.text.prvInitialiseNewTimer), (110 bytes).
    Removing timers.o(.ARM.exidx.text.prvInitialiseNewTimer), (8 bytes).
    Removing timers.o(.text.xTimerGenericCommand), (176 bytes).
    Removing timers.o(.ARM.exidx.text.xTimerGenericCommand), (8 bytes).
    Removing timers.o(.text.xTimerGetTimerDaemonTaskHandle), (52 bytes).
    Removing timers.o(.ARM.exidx.text.xTimerGetTimerDaemonTaskHandle), (8 bytes).
    Removing timers.o(.text.xTimerGetPeriod), (44 bytes).
    Removing timers.o(.ARM.exidx.text.xTimerGetPeriod), (8 bytes).
    Removing timers.o(.text.vTimerSetReloadMode), (90 bytes).
    Removing timers.o(.ARM.exidx.text.vTimerSetReloadMode), (8 bytes).
    Removing timers.o(.text.xTimerGetReloadMode), (78 bytes).
    Removing timers.o(.ARM.exidx.text.xTimerGetReloadMode), (8 bytes).
    Removing timers.o(.text.uxTimerGetReloadMode), (16 bytes).
    Removing timers.o(.ARM.exidx.text.uxTimerGetReloadMode), (8 bytes).
    Removing timers.o(.text.xTimerGetExpiryTime), (48 bytes).
    Removing timers.o(.ARM.exidx.text.xTimerGetExpiryTime), (8 bytes).
    Removing timers.o(.text.pcTimerGetName), (44 bytes).
    Removing timers.o(.ARM.exidx.text.pcTimerGetName), (8 bytes).
    Removing timers.o(.text.xTimerIsTimerActive), (76 bytes).
    Removing timers.o(.ARM.exidx.text.xTimerIsTimerActive), (8 bytes).
    Removing timers.o(.text.pvTimerGetTimerID), (58 bytes).
    Removing timers.o(.ARM.exidx.text.pvTimerGetTimerID), (8 bytes).
    Removing timers.o(.text.vTimerSetTimerID), (58 bytes).
    Removing timers.o(.ARM.exidx.text.vTimerSetTimerID), (8 bytes).
    Removing timers.o(.ARM.exidx.text.prvGetNextExpireTime), (8 bytes).
    Removing timers.o(.ARM.exidx.text.prvProcessTimerOrBlockTask), (8 bytes).
    Removing timers.o(.ARM.exidx.text.prvProcessReceivedCommands), (8 bytes).
    Removing timers.o(.ARM.exidx.text.prvSampleTimeNow), (8 bytes).
    Removing timers.o(.ARM.exidx.text.prvProcessExpiredTimer), (8 bytes).
    Removing timers.o(.ARM.exidx.text.prvSwitchTimerLists), (8 bytes).
    Removing timers.o(.ARM.exidx.text.prvReloadTimer), (8 bytes).
    Removing timers.o(.ARM.exidx.text.prvInsertTimerInActiveList), (8 bytes).
    Removing gpio.o(i.GPIOADCTriggerDisable), (14 bytes).
    Removing gpio.o(i.GPIOADCTriggerEnable), (12 bytes).
    Removing gpio.o(i.GPIODMATriggerDisable), (14 bytes).
    Removing gpio.o(i.GPIODMATriggerEnable), (12 bytes).
    Removing gpio.o(i.GPIODirModeGet), (34 bytes).
    Removing gpio.o(i.GPIOIntDisable), (14 bytes).
    Removing gpio.o(i.GPIOIntRegisterPin), (30 bytes).
    Removing gpio.o(i.GPIOIntStatus), (14 bytes).
    Removing gpio.o(i.GPIOIntTypeGet), (70 bytes).
    Removing gpio.o(i.GPIOIntUnregister), (22 bytes).
    Removing gpio.o(i.GPIOIntUnregisterPin), (26 bytes).
    Removing gpio.o(i.GPIOPadConfigGet), (248 bytes).
    Removing gpio.o(i.GPIOPinConfigure), (68 bytes).
    Removing gpio.o(i.GPIOPinTypeADC), (28 bytes).
    Removing gpio.o(i.GPIOPinTypeCAN), (28 bytes).
    Removing gpio.o(i.GPIOPinTypeComparator), (28 bytes).
    Removing gpio.o(i.GPIOPinTypeComparatorOutput), (28 bytes).
    Removing gpio.o(i.GPIOPinTypeDIVSCLK), (28 bytes).
    Removing gpio.o(i.GPIOPinTypeEPI), (28 bytes).
    Removing gpio.o(i.GPIOPinTypeEthernetLED), (28 bytes).
    Removing gpio.o(i.GPIOPinTypeEthernetMII), (28 bytes).
    Removing gpio.o(i.GPIOPinTypeGPIOOutputOD), (28 bytes).
    Removing gpio.o(i.GPIOPinTypeHibernateRTCCLK), (28 bytes).
    Removing gpio.o(i.GPIOPinTypeI2C), (28 bytes).
    Removing gpio.o(i.GPIOPinTypeI2CSCL), (28 bytes).
    Removing gpio.o(i.GPIOPinTypeLCD), (28 bytes).
    Removing gpio.o(i.GPIOPinTypeOneWire), (28 bytes).
    Removing gpio.o(i.GPIOPinTypePWM), (28 bytes).
    Removing gpio.o(i.GPIOPinTypeQEI), (28 bytes).
    Removing gpio.o(i.GPIOPinTypeSSI), (28 bytes).
    Removing gpio.o(i.GPIOPinTypeTimer), (28 bytes).
    Removing gpio.o(i.GPIOPinTypeTrace), (28 bytes).
    Removing gpio.o(i.GPIOPinTypeUART), (28 bytes).
    Removing gpio.o(i.GPIOPinTypeUSBAnalog), (28 bytes).
    Removing gpio.o(i.GPIOPinTypeUSBDigital), (28 bytes).
    Removing gpio.o(i.GPIOPinTypeWakeHigh), (30 bytes).
    Removing gpio.o(i.GPIOPinTypeWakeLow), (30 bytes).
    Removing gpio.o(i.GPIOPinWakeStatus), (6 bytes).
    Removing interrupt.o(i.IntDisable), (100 bytes).
    Removing interrupt.o(i.IntIsEnabled), (96 bytes).
    Removing interrupt.o(i.IntMasterDisable), (14 bytes).
    Removing interrupt.o(i.IntMasterEnable), (14 bytes).
    Removing interrupt.o(i.IntPendClear), (68 bytes).
    Removing interrupt.o(i.IntPendSet), (84 bytes).
    Removing interrupt.o(i.IntPriorityGet), (28 bytes).
    Removing interrupt.o(i.IntPriorityGroupingGet), (36 bytes).
    Removing interrupt.o(i.IntPriorityGroupingSet), (28 bytes).
    Removing interrupt.o(i.IntPriorityMaskGet), (4 bytes).
    Removing interrupt.o(i.IntPriorityMaskSet), (4 bytes).
    Removing interrupt.o(i.IntTrigger), (12 bytes).
    Removing interrupt.o(i.IntUnregister), (20 bytes).
    Removing interrupt.o(i._IntDefaultHandler), (2 bytes).
    Removing sysctl.o(.emb_text), (6 bytes).
    Removing sysctl.o(i.SysCtlAltClkConfig), (12 bytes).
    Removing sysctl.o(i.SysCtlClockFreqSet), (740 bytes).
    Removing sysctl.o(i.SysCtlClockGet), (340 bytes).
    Removing sysctl.o(i.SysCtlClockOutConfig), (20 bytes).
    Removing sysctl.o(i.SysCtlClockSet), (288 bytes).
    Removing sysctl.o(i.SysCtlDeepSleep), (32 bytes).
    Removing sysctl.o(i.SysCtlDeepSleepClockConfigSet), (112 bytes).
    Removing sysctl.o(i.SysCtlDeepSleepClockSet), (12 bytes).
    Removing sysctl.o(i.SysCtlDeepSleepPowerSet), (12 bytes).
    Removing sysctl.o(i.SysCtlFlashSectorSizeGet), (56 bytes).
    Removing sysctl.o(i.SysCtlFlashSizeGet), (56 bytes).
    Removing sysctl.o(i.SysCtlGPIOAHBDisable), (28 bytes).
    Removing sysctl.o(i.SysCtlGPIOAHBEnable), (24 bytes).
    Removing sysctl.o(i.SysCtlIntClear), (12 bytes).
    Removing sysctl.o(i.SysCtlIntDisable), (16 bytes).
    Removing sysctl.o(i.SysCtlIntEnable), (16 bytes).
    Removing sysctl.o(i.SysCtlIntRegister), (20 bytes).
    Removing sysctl.o(i.SysCtlIntStatus), (16 bytes).
    Removing sysctl.o(i.SysCtlIntUnregister), (18 bytes).
    Removing sysctl.o(i.SysCtlLDODeepSleepGet), (12 bytes).
    Removing sysctl.o(i.SysCtlLDODeepSleepSet), (12 bytes).
    Removing sysctl.o(i.SysCtlLDOSleepGet), (12 bytes).
    Removing sysctl.o(i.SysCtlLDOSleepSet), (12 bytes).
    Removing sysctl.o(i.SysCtlMOSCConfigSet), (12 bytes).
    Removing sysctl.o(i.SysCtlNMIClear), (16 bytes).
    Removing sysctl.o(i.SysCtlNMIStatus), (12 bytes).
    Removing sysctl.o(i.SysCtlPIOSCCalibrate), (76 bytes).
    Removing sysctl.o(i.SysCtlPWMClockGet), (24 bytes).
    Removing sysctl.o(i.SysCtlPWMClockSet), (20 bytes).
    Removing sysctl.o(i.SysCtlPeripheralClockGating), (68 bytes).
    Removing sysctl.o(i.SysCtlPeripheralDeepSleepDisable), (40 bytes).
    Removing sysctl.o(i.SysCtlPeripheralDeepSleepEnable), (40 bytes).
    Removing sysctl.o(i.SysCtlPeripheralDisable), (40 bytes).
    Removing sysctl.o(i.SysCtlPeripheralPowerOff), (40 bytes).
    Removing sysctl.o(i.SysCtlPeripheralPowerOn), (40 bytes).
    Removing sysctl.o(i.SysCtlPeripheralPresent), (44 bytes).
    Removing sysctl.o(i.SysCtlPeripheralReset), (60 bytes).
    Removing sysctl.o(i.SysCtlPeripheralSleepDisable), (40 bytes).
    Removing sysctl.o(i.SysCtlPeripheralSleepEnable), (40 bytes).
    Removing sysctl.o(i.SysCtlReset), (16 bytes).
    Removing sysctl.o(i.SysCtlResetBehaviorGet), (12 bytes).
    Removing sysctl.o(i.SysCtlResetBehaviorSet), (12 bytes).
    Removing sysctl.o(i.SysCtlResetCauseClear), (16 bytes).
    Removing sysctl.o(i.SysCtlResetCauseGet), (12 bytes).
    Removing sysctl.o(i.SysCtlSRAMSizeGet), (16 bytes).
    Removing sysctl.o(i.SysCtlSleep), (4 bytes).
    Removing sysctl.o(i.SysCtlSleepPowerSet), (12 bytes).
    Removing sysctl.o(i.SysCtlUSBPLLDisable), (16 bytes).
    Removing sysctl.o(i.SysCtlUSBPLLEnable), (16 bytes).
    Removing sysctl.o(i.SysCtlVCOGet), (120 bytes).
    Removing sysctl.o(i.SysCtlVoltageEventClear), (16 bytes).
    Removing sysctl.o(i.SysCtlVoltageEventConfig), (12 bytes).
    Removing sysctl.o(i.SysCtlVoltageEventStatus), (12 bytes).
    Removing sysctl.o(.constdata), (596 bytes).
    Removing cpu.o(.emb_text), (38 bytes).

330 unused section(s) (total 16014 bytes) removed from the image.

==============================================================================

Image Symbol Table

    Local Symbols

    Symbol Name                              Value     Ov Type        Size  Object(Section)

    ../clib/../cmprslib/zerorunl.c           0x00000000   Number         0  __dczerorl.o ABSOLUTE
    ../clib/microlib/init/entry.s            0x00000000   Number         0  entry.o ABSOLUTE
    ../clib/microlib/init/entry.s            0x00000000   Number         0  entry2.o ABSOLUTE
    ../clib/microlib/init/entry.s            0x00000000   Number         0  entry5.o ABSOLUTE
    ../clib/microlib/init/entry.s            0x00000000   Number         0  entry7a.o ABSOLUTE
    ../clib/microlib/init/entry.s            0x00000000   Number         0  entry7b.o ABSOLUTE
    ../clib/microlib/init/entry.s            0x00000000   Number         0  entry8a.o ABSOLUTE
    ../clib/microlib/init/entry.s            0x00000000   Number         0  entry8b.o ABSOLUTE
    ../clib/microlib/init/entry.s            0x00000000   Number         0  entry9a.o ABSOLUTE
    ../clib/microlib/init/entry.s            0x00000000   Number         0  entry9b.o ABSOLUTE
    ../clib/microlib/init/entry.s            0x00000000   Number         0  entry10a.o ABSOLUTE
    ../clib/microlib/init/entry.s            0x00000000   Number         0  entry10b.o ABSOLUTE
    ../clib/microlib/init/entry.s            0x00000000   Number         0  entry11a.o ABSOLUTE
    ../clib/microlib/init/entry.s            0x00000000   Number         0  entry11b.o ABSOLUTE
    ../clib/microlib/string/memcpy.c         0x00000000   Number         0  memcpya.o ABSOLUTE
    ../clib/microlib/string/memcpy.c         0x00000000   Number         0  memcpyb.o ABSOLUTE
    ../clib/microlib/string/memset.c         0x00000000   Number         0  memseta.o ABSOLUTE
    RTE/Device/TM4C123GH6PM/startup_TM4C123.s 0x00000000   Number         0  startup_tm4c123.o ABSOLUTE
    cpu.c                                    0x00000000   Number         0  cpu.o ABSOLUTE
    cpu.c                                    0x00000000   Number         0  cpu.o ABSOLUTE
    dc.s                                     0x00000000   Number         0  dc.o ABSOLUTE
    freertos_evr.c                           0x00000000   Number         0  freertos_evr.o ABSOLUTE
    gpio.c                                   0x00000000   Number         0  gpio.o ABSOLUTE
    handlers.s                               0x00000000   Number         0  handlers.o ABSOLUTE
    heap_1.c                                 0x00000000   Number         0  heap_1.o ABSOLUTE
    init.s                                   0x00000000   Number         0  init.o ABSOLUTE
    interrupt.c                              0x00000000   Number         0  interrupt.o ABSOLUTE
    list.c                                   0x00000000   Number         0  list.o ABSOLUTE
    main.c                                   0x00000000   Number         0  main.o ABSOLUTE
    port.c                                   0x00000000   Number         0  port.o ABSOLUTE
    queue.c                                  0x00000000   Number         0  queue.o ABSOLUTE
    sysctl.c                                 0x00000000   Number         0  sysctl.o ABSOLUTE
    sysctl.c                                 0x00000000   Number         0  sysctl.o ABSOLUTE
    system_TM4C123.c                         0x00000000   Number         0  system_tm4c123.o ABSOLUTE
    tasks.c                                  0x00000000   Number         0  tasks.o ABSOLUTE
    timers.c                                 0x00000000   Number         0  timers.o ABSOLUTE
    RESET                                    0x00000000   Section      620  startup_tm4c123.o(RESET)
    .ARM.Collect$$$$00000000                 0x0000026c   Section        0  entry.o(.ARM.Collect$$$$00000000)
    .ARM.Collect$$$$00000001                 0x0000026c   Section        4  entry2.o(.ARM.Collect$$$$00000001)
    .ARM.Collect$$$$00000004                 0x00000270   Section        4  entry5.o(.ARM.Collect$$$$00000004)
    .ARM.Collect$$$$00000008                 0x00000274   Section        0  entry7b.o(.ARM.Collect$$$$00000008)
    .ARM.Collect$$$$0000000A                 0x00000274   Section        0  entry8b.o(.ARM.Collect$$$$0000000A)
    .ARM.Collect$$$$0000000B                 0x00000274   Section        8  entry9a.o(.ARM.Collect$$$$0000000B)
    __lit__00000000                          0x0000027c   Data           4  entry2.o(.ARM.Collect$$$$00002712)
    .ARM.Collect$$$$0000000D                 0x0000027c   Section        0  entry10a.o(.ARM.Collect$$$$0000000D)
    .ARM.Collect$$$$0000000F                 0x0000027c   Section        0  entry11a.o(.ARM.Collect$$$$0000000F)
    .ARM.Collect$$$$00002712                 0x0000027c   Section        4  entry2.o(.ARM.Collect$$$$00002712)
    $v0                                      0x00000280   Number         0  startup_tm4c123.o(.text)
    .text                                    0x00000280   Section      252  startup_tm4c123.o(.text)
    .text                                    0x0000037c   Section        0  memcpya.o(.text)
    .text                                    0x000003a0   Section        0  memseta.o(.text)
    .text                                    0x000003c4   Section       36  init.o(.text)
    .text                                    0x000003e8   Section        0  __dczerorl.o(.text)
    [Anonymous Symbol]                       0x00000424   Section        0  main.o(.text.GPIOA_Handler)
    [Anonymous Symbol]                       0x0000058c   Section        0  main.o(.text.GPIOF_Handler)
    [Anonymous Symbol]                       0x000005fc   Section        0  main.o(.text.Obstacle)
    [Anonymous Symbol]                       0x00000648   Section        0  main.o(.text.OnOff)
    [Anonymous Symbol]                       0x00000690   Section        0  port.o(.text.PendSV_Handler)
    pxCurrentTCBConst                        0x000006f0   Number         0  port.o(.text.PendSV_Handler)
    [Anonymous Symbol]                       0x00000700   Section        0  port.o(.text.SVC_Handler)
    pxCurrentTCBConst2                       0x00000720   Number         0  port.o(.text.SVC_Handler)
    [Anonymous Symbol]                       0x00000724   Section        0  port.o(.text.SysTick_Handler)
    [Anonymous Symbol]                       0x00000760   Section        0  system_tm4c123.o(.text.SystemInit)
    [Anonymous Symbol]                       0x0000086c   Section        0  main.o(.text.WindowDown_Driver)
    [Anonymous Symbol]                       0x00000994   Section        0  main.o(.text.WindowDown_Passenger)
    [Anonymous Symbol]                       0x00000abc   Section        0  main.o(.text.WindowUp_Driver)
    [Anonymous Symbol]                       0x00000be8   Section        0  main.o(.text.WindowUp_Passenger)
    [Anonymous Symbol]                       0x00000d10   Section        0  main.o(.text.delayMs)
    [Anonymous Symbol]                       0x00000d50   Section        0  main.o(.text.initTask)
    [Anonymous Symbol]                       0x00000efc   Section        0  main.o(.text.main)
    prvAddCurrentTaskToDelayedList           0x00001075   Thumb Code   282  tasks.o(.text.prvAddCurrentTaskToDelayedList)
    [Anonymous Symbol]                       0x00001074   Section        0  tasks.o(.text.prvAddCurrentTaskToDelayedList)
    prvAddNewTaskToReadyList                 0x00001191   Thumb Code   334  tasks.o(.text.prvAddNewTaskToReadyList)
    [Anonymous Symbol]                       0x00001190   Section        0  tasks.o(.text.prvAddNewTaskToReadyList)
    prvCheckForValidListAndQueue             0x000012e1   Thumb Code   106  timers.o(.text.prvCheckForValidListAndQueue)
    [Anonymous Symbol]                       0x000012e0   Section        0  timers.o(.text.prvCheckForValidListAndQueue)
    prvCheckTasksWaitingTermination          0x0000134d   Thumb Code    90  tasks.o(.text.prvCheckTasksWaitingTermination)
    [Anonymous Symbol]                       0x0000134c   Section        0  tasks.o(.text.prvCheckTasksWaitingTermination)
    prvCopyDataFromQueue                     0x000013a9   Thumb Code    66  queue.o(.text.prvCopyDataFromQueue)
    [Anonymous Symbol]                       0x000013a8   Section        0  queue.o(.text.prvCopyDataFromQueue)
    prvCopyDataToQueue                       0x000013ed   Thumb Code   204  queue.o(.text.prvCopyDataToQueue)
    [Anonymous Symbol]                       0x000013ec   Section        0  queue.o(.text.prvCopyDataToQueue)
    prvDeleteTCB                             0x000014b9   Thumb Code    24  tasks.o(.text.prvDeleteTCB)
    [Anonymous Symbol]                       0x000014b8   Section        0  tasks.o(.text.prvDeleteTCB)
    prvGetDisinheritPriorityAfterTimeout     0x000014d1   Thumb Code    38  queue.o(.text.prvGetDisinheritPriorityAfterTimeout)
    [Anonymous Symbol]                       0x000014d0   Section        0  queue.o(.text.prvGetDisinheritPriorityAfterTimeout)
    prvGetNextExpireTime                     0x000014f9   Thumb Code    64  timers.o(.text.prvGetNextExpireTime)
    [Anonymous Symbol]                       0x000014f8   Section        0  timers.o(.text.prvGetNextExpireTime)
    prvIdleTask                              0x00001539   Thumb Code    56  tasks.o(.text.prvIdleTask)
    [Anonymous Symbol]                       0x00001538   Section        0  tasks.o(.text.prvIdleTask)
    prvInitialiseMutex                       0x00001571   Thumb Code    44  queue.o(.text.prvInitialiseMutex)
    [Anonymous Symbol]                       0x00001570   Section        0  queue.o(.text.prvInitialiseMutex)
    prvInitialiseNewQueue                    0x0000159d   Thumb Code    68  queue.o(.text.prvInitialiseNewQueue)
    [Anonymous Symbol]                       0x0000159c   Section        0  queue.o(.text.prvInitialiseNewQueue)
    prvInitialiseNewTask                     0x000015e1   Thumb Code   278  tasks.o(.text.prvInitialiseNewTask)
    [Anonymous Symbol]                       0x000015e0   Section        0  tasks.o(.text.prvInitialiseNewTask)
    prvInitialiseTaskLists                   0x000016f9   Thumb Code   142  tasks.o(.text.prvInitialiseTaskLists)
    [Anonymous Symbol]                       0x000016f8   Section        0  tasks.o(.text.prvInitialiseTaskLists)
    prvInsertTimerInActiveList               0x00001789   Thumb Code   134  timers.o(.text.prvInsertTimerInActiveList)
    [Anonymous Symbol]                       0x00001788   Section        0  timers.o(.text.prvInsertTimerInActiveList)
    prvIsQueueEmpty                          0x00001811   Thumb Code    40  queue.o(.text.prvIsQueueEmpty)
    [Anonymous Symbol]                       0x00001810   Section        0  queue.o(.text.prvIsQueueEmpty)
    prvIsQueueFull                           0x00001839   Thumb Code    46  queue.o(.text.prvIsQueueFull)
    [Anonymous Symbol]                       0x00001838   Section        0  queue.o(.text.prvIsQueueFull)
    prvNotifyQueueSetContainer               0x00001869   Thumb Code   236  queue.o(.text.prvNotifyQueueSetContainer)
    [Anonymous Symbol]                       0x00001868   Section        0  queue.o(.text.prvNotifyQueueSetContainer)
    prvPortStartFirstTask                    0x00001955   Thumb Code    40  port.o(.text.prvPortStartFirstTask)
    [Anonymous Symbol]                       0x00001954   Section        0  port.o(.text.prvPortStartFirstTask)
    prvProcessExpiredTimer                   0x0000197d   Thumb Code    84  timers.o(.text.prvProcessExpiredTimer)
    [Anonymous Symbol]                       0x0000197c   Section        0  timers.o(.text.prvProcessExpiredTimer)
    prvProcessReceivedCommands               0x000019d1   Thumb Code   326  timers.o(.text.prvProcessReceivedCommands)
    [Anonymous Symbol]                       0x000019d0   Section        0  timers.o(.text.prvProcessReceivedCommands)
    prvProcessTimerOrBlockTask               0x00001b19   Thumb Code   154  timers.o(.text.prvProcessTimerOrBlockTask)
    [Anonymous Symbol]                       0x00001b18   Section        0  timers.o(.text.prvProcessTimerOrBlockTask)
    prvReloadTimer                           0x00001bb5   Thumb Code    52  timers.o(.text.prvReloadTimer)
    [Anonymous Symbol]                       0x00001bb4   Section        0  timers.o(.text.prvReloadTimer)
    prvResetNextTaskUnblockTime              0x00001be9   Thumb Code    60  tasks.o(.text.prvResetNextTaskUnblockTime)
    [Anonymous Symbol]                       0x00001be8   Section        0  tasks.o(.text.prvResetNextTaskUnblockTime)
    prvSampleTimeNow                         0x00001c25   Thumb Code    68  timers.o(.text.prvSampleTimeNow)
    [Anonymous Symbol]                       0x00001c24   Section        0  timers.o(.text.prvSampleTimeNow)
    prvSwitchTimerLists                      0x00001c69   Thumb Code    82  timers.o(.text.prvSwitchTimerLists)
    [Anonymous Symbol]                       0x00001c68   Section        0  timers.o(.text.prvSwitchTimerLists)
    prvTaskExitError                         0x00001cbd   Thumb Code    76  port.o(.text.prvTaskExitError)
    [Anonymous Symbol]                       0x00001cbc   Section        0  port.o(.text.prvTaskExitError)
    prvTimerTask                             0x00001d09   Thumb Code    30  timers.o(.text.prvTimerTask)
    [Anonymous Symbol]                       0x00001d08   Section        0  timers.o(.text.prvTimerTask)
    prvUnlockQueue                           0x00001d29   Thumb Code   204  queue.o(.text.prvUnlockQueue)
    [Anonymous Symbol]                       0x00001d28   Section        0  queue.o(.text.prvUnlockQueue)
    [Anonymous Symbol]                       0x00001df4   Section        0  heap_1.o(.text.pvPortMalloc)
    [Anonymous Symbol]                       0x00001eb4   Section        0  tasks.o(.text.pvTaskIncrementMutexHeldCount)
    [Anonymous Symbol]                       0x00001ee0   Section        0  port.o(.text.pxPortInitialiseStack)
    [Anonymous Symbol]                       0x00001f40   Section        0  list.o(.text.uxListRemove)
    [Anonymous Symbol]                       0x00001f88   Section        0  tasks.o(.text.uxTaskGetNumberOfTasks)
    [Anonymous Symbol]                       0x00001f94   Section        0  list.o(.text.vListInitialise)
    [Anonymous Symbol]                       0x00001fc4   Section        0  list.o(.text.vListInitialiseItem)
    [Anonymous Symbol]                       0x00001fd4   Section        0  list.o(.text.vListInsert)
    [Anonymous Symbol]                       0x00002040   Section        0  list.o(.text.vListInsertEnd)
    vPortEnableVFP                           0x0000207d   Thumb Code    20  port.o(.text.vPortEnableVFP)
    [Anonymous Symbol]                       0x0000207c   Section        0  port.o(.text.vPortEnableVFP)
    [Anonymous Symbol]                       0x00002090   Section        0  port.o(.text.vPortEnterCritical)
    [Anonymous Symbol]                       0x000020e8   Section        0  port.o(.text.vPortExitCritical)
    [Anonymous Symbol]                       0x00002134   Section        0  heap_1.o(.text.vPortFree)
    [Anonymous Symbol]                       0x00002158   Section        0  port.o(.text.vPortSetupTimerInterrupt)
    [Anonymous Symbol]                       0x0000219c   Section        0  port.o(.text.vPortValidateInterruptPriority)
    [Anonymous Symbol]                       0x00002220   Section        0  queue.o(.text.vQueueWaitForMessageRestricted)
    [Anonymous Symbol]                       0x00002284   Section        0  tasks.o(.text.vTaskInternalSetTimeOutState)
    [Anonymous Symbol]                       0x000022a8   Section        0  tasks.o(.text.vTaskMissedYield)
    [Anonymous Symbol]                       0x000022b8   Section        0  tasks.o(.text.vTaskPlaceOnEventList)
    [Anonymous Symbol]                       0x000022fc   Section        0  tasks.o(.text.vTaskPlaceOnEventListRestricted)
    [Anonymous Symbol]                       0x00002378   Section        0  tasks.o(.text.vTaskPriorityDisinheritAfterTimeout)
    [Anonymous Symbol]                       0x000024fc   Section        0  tasks.o(.text.vTaskStartScheduler)
    [Anonymous Symbol]                       0x000025b0   Section        0  tasks.o(.text.vTaskSuspend)
    [Anonymous Symbol]                       0x0000272c   Section        0  tasks.o(.text.vTaskSuspendAll)
    __tagsym$$used.0                         0x0000273c   Number         0  tasks.o(.text.vTaskSwitchContext)
    [Anonymous Symbol]                       0x0000273c   Section        0  tasks.o(.text.vTaskSwitchContext)
    [Anonymous Symbol]                       0x000027fc   Section        0  port.o(.text.xPortStartScheduler)
    [Anonymous Symbol]                       0x00002978   Section        0  queue.o(.text.xQueueCreateMutex)
    [Anonymous Symbol]                       0x000029a0   Section        0  queue.o(.text.xQueueGenericCreate)
    [Anonymous Symbol]                       0x00002a3c   Section        0  queue.o(.text.xQueueGenericReset)
    [Anonymous Symbol]                       0x00002b44   Section        0  queue.o(.text.xQueueGenericSend)
    [Anonymous Symbol]                       0x00002db8   Section        0  queue.o(.text.xQueueGiveFromISR)
    [Anonymous Symbol]                       0x00002f3c   Section        0  queue.o(.text.xQueueReceive)
    [Anonymous Symbol]                       0x00003118   Section        0  queue.o(.text.xQueueSemaphoreTake)
    [Anonymous Symbol]                       0x00003328   Section        0  tasks.o(.text.xTaskCheckForTimeOut)
    [Anonymous Symbol]                       0x000033fc   Section        0  tasks.o(.text.xTaskCreate)
    [Anonymous Symbol]                       0x0000349c   Section        0  tasks.o(.text.xTaskGetSchedulerState)
    [Anonymous Symbol]                       0x000034d4   Section        0  tasks.o(.text.xTaskGetTickCount)
    [Anonymous Symbol]                       0x000034e8   Section        0  tasks.o(.text.xTaskIncrementTick)
    [Anonymous Symbol]                       0x00003748   Section        0  tasks.o(.text.xTaskPriorityDisinherit)
    [Anonymous Symbol]                       0x00003880   Section        0  tasks.o(.text.xTaskPriorityInherit)
    [Anonymous Symbol]                       0x000039dc   Section        0  tasks.o(.text.xTaskRemoveFromEventList)
    [Anonymous Symbol]                       0x00003b68   Section        0  tasks.o(.text.xTaskResumeAll)
    [Anonymous Symbol]                       0x00003d8c   Section        0  timers.o(.text.xTimerCreateTimerTask)
    i.GPIODirModeSet                         0x00003df8   Section        0  gpio.o(i.GPIODirModeSet)
    i.GPIOIntClear                           0x00003e20   Section        0  gpio.o(i.GPIOIntClear)
    i.GPIOIntEnable                          0x00003e26   Section        0  gpio.o(i.GPIOIntEnable)
    i.GPIOIntRegister                        0x00003e32   Section        0  gpio.o(i.GPIOIntRegister)
    i.GPIOIntTypeSet                         0x00003e4c   Section        0  gpio.o(i.GPIOIntTypeSet)
    i.GPIOPadConfigSet                       0x00003e9c   Section        0  gpio.o(i.GPIOPadConfigSet)
    i.GPIOPinRead                            0x0000400c   Section        0  gpio.o(i.GPIOPinRead)
    i.GPIOPinTypeGPIOInput                   0x00004012   Section        0  gpio.o(i.GPIOPinTypeGPIOInput)
    i.GPIOPinTypeGPIOOutput                  0x0000402e   Section        0  gpio.o(i.GPIOPinTypeGPIOOutput)
    i.GPIOPinWrite                           0x0000404a   Section        0  gpio.o(i.GPIOPinWrite)
    i.GPIOUnlockPin                          0x00004050   Section        0  gpio.o(i.GPIOUnlockPin)
    i.IntEnable                              0x00004068   Section        0  interrupt.o(i.IntEnable)
    i.IntPrioritySet                         0x000040cc   Section        0  interrupt.o(i.IntPrioritySet)
    i.IntRegister                            0x000040f4   Section        0  interrupt.o(i.IntRegister)
    i.SysCtlPeripheralEnable                 0x00004128   Section        0  sysctl.o(i.SysCtlPeripheralEnable)
    i.SysCtlPeripheralReady                  0x00004150   Section        0  sysctl.o(i.SysCtlPeripheralReady)
    _GPIOIntNumberGet                        0x0000417d   Thumb Code    62  gpio.o(i._GPIOIntNumberGet)
    i._GPIOIntNumberGet                      0x0000417c   Section        0  gpio.o(i._GPIOIntNumberGet)
    i.__scatterload_copy                     0x000041cc   Section       14  handlers.o(i.__scatterload_copy)
    i.__scatterload_null                     0x000041da   Section        2  handlers.o(i.__scatterload_null)
    i.__scatterload_zeroinit                 0x000041dc   Section       14  handlers.o(i.__scatterload_zeroinit)
    g_ppui32GPIOIntMapBlizzard               0x000041ec   Data         192  gpio.o(.constdata)
    .constdata                               0x000041ec   Section      552  gpio.o(.constdata)
    g_ppui32GPIOIntMapSnowflake              0x000042ac   Data         216  gpio.o(.constdata)
    g_pui32GPIOBaseAddrs                     0x00004384   Data         144  gpio.o(.constdata)
    g_pui32Priority                          0x00004414   Data          32  interrupt.o(.constdata)
    .constdata                               0x00004414   Section      268  interrupt.o(.constdata)
    g_pui32Regs                              0x00004434   Data         156  interrupt.o(.constdata)
    g_pui32EnRegs                            0x000044d0   Data          20  interrupt.o(.constdata)
    g_pui32Dii16Regs                         0x000044e4   Data          20  interrupt.o(.constdata)
    g_pui32PendRegs                          0x000044f8   Data          20  interrupt.o(.constdata)
    g_pui32UnpendRegs                        0x0000450c   Data          20  interrupt.o(.constdata)
    .L.str.5                                 0x00004520   Data           6  main.o(.rodata.str1.1)
    [Anonymous Symbol]                       0x00004520   Section        0  main.o(.rodata.str1.1)
    .L.str.4                                 0x00004526   Data          21  main.o(.rodata.str1.1)
    .L.str.3                                 0x0000453b   Data          19  main.o(.rodata.str1.1)
    .L.str.2                                 0x0000454e   Data          18  main.o(.rodata.str1.1)
    .L.str.1                                 0x00004560   Data          16  main.o(.rodata.str1.1)
    .L.str                                   0x00004570   Data           5  main.o(.rodata.str1.1)
    .L.str                                   0x00004575   Data           5  tasks.o(.rodata.str1.1)
    [Anonymous Symbol]                       0x00004575   Section        0  tasks.o(.rodata.str1.1)
    .L.str                                   0x0000457a   Data           8  timers.o(.rodata.str1.1)
    [Anonymous Symbol]                       0x0000457a   Section        0  timers.o(.rodata.str1.1)
    uxCriticalNesting                        0x20000004   Data           4  port.o(.data.uxCriticalNesting)
    [Anonymous Symbol]                       0x20000004   Section        0  port.o(.data.uxCriticalNesting)
    g_pfnRAMVectors                          0x20000400   Data         620  interrupt.o(vtable)
    vtable                                   0x20000400   Section      620  interrupt.o(vtable)
    prvSampleTimeNow.xLastTime               0x2000068c   Data           4  timers.o(.bss.prvSampleTimeNow.xLastTime)
    [Anonymous Symbol]                       0x2000068c   Section        0  timers.o(.bss.prvSampleTimeNow.xLastTime)
    pvPortMalloc.pucAlignedHeap              0x20000690   Data           4  heap_1.o(.bss.pvPortMalloc.pucAlignedHeap)
    [Anonymous Symbol]                       0x20000690   Section        0  heap_1.o(.bss.pvPortMalloc.pucAlignedHeap)
    __tagsym$$used.1                         0x20000694   Number         0  tasks.o(.bss.pxCurrentTCB)
    pxCurrentTimerList                       0x20000698   Data           4  timers.o(.bss.pxCurrentTimerList)
    [Anonymous Symbol]                       0x20000698   Section        0  timers.o(.bss.pxCurrentTimerList)
    pxDelayedTaskList                        0x2000069c   Data           4  tasks.o(.bss.pxDelayedTaskList)
    [Anonymous Symbol]                       0x2000069c   Section        0  tasks.o(.bss.pxDelayedTaskList)
    pxOverflowDelayedTaskList                0x200006a0   Data           4  tasks.o(.bss.pxOverflowDelayedTaskList)
    [Anonymous Symbol]                       0x200006a0   Section        0  tasks.o(.bss.pxOverflowDelayedTaskList)
    pxOverflowTimerList                      0x200006a4   Data           4  timers.o(.bss.pxOverflowTimerList)
    [Anonymous Symbol]                       0x200006a4   Section        0  timers.o(.bss.pxOverflowTimerList)
    pxReadyTasksLists                        0x200006a8   Data         140  tasks.o(.bss.pxReadyTasksLists)
    [Anonymous Symbol]                       0x200006a8   Section        0  tasks.o(.bss.pxReadyTasksLists)
    ucHeap                                   0x20000734   Data       16384  heap_1.o(.bss.ucHeap)
    [Anonymous Symbol]                       0x20000734   Section        0  heap_1.o(.bss.ucHeap)
    ucMaxSysCallPriority                     0x20004734   Data           1  port.o(.bss.ucMaxSysCallPriority)
    [Anonymous Symbol]                       0x20004734   Section        0  port.o(.bss.ucMaxSysCallPriority)
    ulMaxPRIGROUPValue                       0x20004738   Data           4  port.o(.bss.ulMaxPRIGROUPValue)
    [Anonymous Symbol]                       0x20004738   Section        0  port.o(.bss.ulMaxPRIGROUPValue)
    uxCurrentNumberOfTasks                   0x2000473c   Data           4  tasks.o(.bss.uxCurrentNumberOfTasks)
    [Anonymous Symbol]                       0x2000473c   Section        0  tasks.o(.bss.uxCurrentNumberOfTasks)
    uxDeletedTasksWaitingCleanUp             0x20004740   Data           4  tasks.o(.bss.uxDeletedTasksWaitingCleanUp)
    [Anonymous Symbol]                       0x20004740   Section        0  tasks.o(.bss.uxDeletedTasksWaitingCleanUp)
    uxSchedulerSuspended                     0x20004744   Data           4  tasks.o(.bss.uxSchedulerSuspended)
    [Anonymous Symbol]                       0x20004744   Section        0  tasks.o(.bss.uxSchedulerSuspended)
    uxTaskNumber                             0x20004748   Data           4  tasks.o(.bss.uxTaskNumber)
    [Anonymous Symbol]                       0x20004748   Section        0  tasks.o(.bss.uxTaskNumber)
    uxTopReadyPriority                       0x2000474c   Data           4  tasks.o(.bss.uxTopReadyPriority)
    [Anonymous Symbol]                       0x2000474c   Section        0  tasks.o(.bss.uxTopReadyPriority)
    xActiveTimerList1                        0x20004750   Data          20  timers.o(.bss.xActiveTimerList1)
    [Anonymous Symbol]                       0x20004750   Section        0  timers.o(.bss.xActiveTimerList1)
    xActiveTimerList2                        0x20004764   Data          20  timers.o(.bss.xActiveTimerList2)
    [Anonymous Symbol]                       0x20004764   Section        0  timers.o(.bss.xActiveTimerList2)
    xDelayedTaskList1                        0x20004778   Data          20  tasks.o(.bss.xDelayedTaskList1)
    [Anonymous Symbol]                       0x20004778   Section        0  tasks.o(.bss.xDelayedTaskList1)
    xDelayedTaskList2                        0x2000478c   Data          20  tasks.o(.bss.xDelayedTaskList2)
    [Anonymous Symbol]                       0x2000478c   Section        0  tasks.o(.bss.xDelayedTaskList2)
    xIdleTaskHandle                          0x200047a0   Data           4  tasks.o(.bss.xIdleTaskHandle)
    [Anonymous Symbol]                       0x200047a0   Section        0  tasks.o(.bss.xIdleTaskHandle)
    xNextFreeByte                            0x200047a4   Data           4  heap_1.o(.bss.xNextFreeByte)
    [Anonymous Symbol]                       0x200047a4   Section        0  heap_1.o(.bss.xNextFreeByte)
    xNextTaskUnblockTime                     0x200047a8   Data           4  tasks.o(.bss.xNextTaskUnblockTime)
    [Anonymous Symbol]                       0x200047a8   Section        0  tasks.o(.bss.xNextTaskUnblockTime)
    xNumOfOverflows                          0x200047ac   Data           4  tasks.o(.bss.xNumOfOverflows)
    [Anonymous Symbol]                       0x200047ac   Section        0  tasks.o(.bss.xNumOfOverflows)
    xPendedTicks                             0x200047b0   Data           4  tasks.o(.bss.xPendedTicks)
    [Anonymous Symbol]                       0x200047b0   Section        0  tasks.o(.bss.xPendedTicks)
    xPendingReadyList                        0x200047b4   Data          20  tasks.o(.bss.xPendingReadyList)
    [Anonymous Symbol]                       0x200047b4   Section        0  tasks.o(.bss.xPendingReadyList)
    xSchedulerRunning                        0x200047c8   Data           4  tasks.o(.bss.xSchedulerRunning)
    [Anonymous Symbol]                       0x200047c8   Section        0  tasks.o(.bss.xSchedulerRunning)
    xSuspendedTaskList                       0x200047cc   Data          20  tasks.o(.bss.xSuspendedTaskList)
    [Anonymous Symbol]                       0x200047cc   Section        0  tasks.o(.bss.xSuspendedTaskList)
    xTasksWaitingTermination                 0x200047e0   Data          20  tasks.o(.bss.xTasksWaitingTermination)
    [Anonymous Symbol]                       0x200047e0   Section        0  tasks.o(.bss.xTasksWaitingTermination)
    xTickCount                               0x200047f4   Data           4  tasks.o(.bss.xTickCount)
    [Anonymous Symbol]                       0x200047f4   Section        0  tasks.o(.bss.xTickCount)
    xTimerQueue                              0x200047f8   Data           4  timers.o(.bss.xTimerQueue)
    [Anonymous Symbol]                       0x200047f8   Section        0  timers.o(.bss.xTimerQueue)
    xTimerTaskHandle                         0x200047fc   Data           4  timers.o(.bss.xTimerTaskHandle)
    [Anonymous Symbol]                       0x200047fc   Section        0  timers.o(.bss.xTimerTaskHandle)
    xYieldPending                            0x20004800   Data           4  tasks.o(.bss.xYieldPending)
    [Anonymous Symbol]                       0x20004800   Section        0  tasks.o(.bss.xYieldPending)
    STACK                                    0x20004808   Section      512  startup_tm4c123.o(STACK)

    Global Symbols

    Symbol Name                              Value     Ov Type        Size  Object(Section)

    BuildAttributes$$THM_ISAv4$E$P$D$K$B$S$7EM$VFPi3$EXTD16$VFPS$VFMA$PE$A:L22UL41UL21$X:L11$S22US41US21$IEEE1$IW$~IW$USESV6$~STKCKD$USESV7$~SHL$OTIME$EBA8$MICROLIB$REQ8$PRES8$EABIv2 0x00000000   Number         0  anon$$obj.o ABSOLUTE
    __Vectors                                0x00000000   Data           4  startup_tm4c123.o(RESET)
    __cpp_initialize__aeabi_                  - Undefined Weak Reference
    __cxa_finalize                            - Undefined Weak Reference
    _clock_init                               - Undefined Weak Reference
    _microlib_exit                            - Undefined Weak Reference
    __Vectors_End                            0x0000026c   Data           0  startup_tm4c123.o(RESET)
    __Vectors_Size                           0x0000026c   Number         0  startup_tm4c123.o ABSOLUTE
    __main                                   0x0000026d   Thumb Code     0  entry.o(.ARM.Collect$$$$00000000)
    _main_stk                                0x0000026d   Thumb Code     0  entry2.o(.ARM.Collect$$$$00000001)
    _main_scatterload                        0x00000271   Thumb Code     0  entry5.o(.ARM.Collect$$$$00000004)
    __main_after_scatterload                 0x00000275   Thumb Code     0  entry5.o(.ARM.Collect$$$$00000004)
    _main_clock                              0x00000275   Thumb Code     0  entry7b.o(.ARM.Collect$$$$00000008)
    _main_cpp_init                           0x00000275   Thumb Code     0  entry8b.o(.ARM.Collect$$$$0000000A)
    _main_init                               0x00000275   Thumb Code     0  entry9a.o(.ARM.Collect$$$$0000000B)
    __rt_final_cpp                           0x0000027d   Thumb Code     0  entry10a.o(.ARM.Collect$$$$0000000D)
    __rt_final_exit                          0x0000027d   Thumb Code     0  entry11a.o(.ARM.Collect$$$$0000000F)
    Reset_Handler                            0x00000281   Thumb Code     8  startup_tm4c123.o(.text)
    NMI_Handler                              0x00000289   Thumb Code     2  startup_tm4c123.o(.text)
    HardFault_Handler                        0x0000028b   Thumb Code     2  startup_tm4c123.o(.text)
    MemManage_Handler                        0x0000028d   Thumb Code     2  startup_tm4c123.o(.text)
    BusFault_Handler                         0x0000028f   Thumb Code     2  startup_tm4c123.o(.text)
    UsageFault_Handler                       0x00000291   Thumb Code     2  startup_tm4c123.o(.text)
    DebugMon_Handler                         0x00000295   Thumb Code     2  startup_tm4c123.o(.text)
    GPIOB_Handler                            0x0000029d   Thumb Code     2  startup_tm4c123.o(.text)
    GPIOC_Handler                            0x0000029f   Thumb Code     2  startup_tm4c123.o(.text)
    GPIOD_Handler                            0x000002a1   Thumb Code     2  startup_tm4c123.o(.text)
    GPIOE_Handler                            0x000002a3   Thumb Code     2  startup_tm4c123.o(.text)
    UART0_Handler                            0x000002a5   Thumb Code     2  startup_tm4c123.o(.text)
    UART1_Handler                            0x000002a7   Thumb Code     2  startup_tm4c123.o(.text)
    SSI0_Handler                             0x000002a9   Thumb Code     2  startup_tm4c123.o(.text)
    I2C0_Handler                             0x000002ab   Thumb Code     2  startup_tm4c123.o(.text)
    PMW0_FAULT_Handler                       0x000002ad   Thumb Code     2  startup_tm4c123.o(.text)
    PWM0_0_Handler                           0x000002af   Thumb Code     2  startup_tm4c123.o(.text)
    PWM0_1_Handler                           0x000002b1   Thumb Code     2  startup_tm4c123.o(.text)
    PWM0_2_Handler                           0x000002b3   Thumb Code     2  startup_tm4c123.o(.text)
    QEI0_Handler                             0x000002b5   Thumb Code     2  startup_tm4c123.o(.text)
    ADC0SS0_Handler                          0x000002b7   Thumb Code     2  startup_tm4c123.o(.text)
    ADC0SS1_Handler                          0x000002b9   Thumb Code     2  startup_tm4c123.o(.text)
    ADC0SS2_Handler                          0x000002bb   Thumb Code     2  startup_tm4c123.o(.text)
    ADC0SS3_Handler                          0x000002bd   Thumb Code     2  startup_tm4c123.o(.text)
    WDT0_Handler                             0x000002bf   Thumb Code     2  startup_tm4c123.o(.text)
    TIMER0A_Handler                          0x000002c1   Thumb Code     2  startup_tm4c123.o(.text)
    TIMER0B_Handler                          0x000002c3   Thumb Code     2  startup_tm4c123.o(.text)
    TIMER1A_Handler                          0x000002c5   Thumb Code     2  startup_tm4c123.o(.text)
    TIMER1B_Handler                          0x000002c7   Thumb Code     2  startup_tm4c123.o(.text)
    TIMER2A_Handler                          0x000002c9   Thumb Code     2  startup_tm4c123.o(.text)
    TIMER2B_Handler                          0x000002cb   Thumb Code     2  startup_tm4c123.o(.text)
    COMP0_Handler                            0x000002cd   Thumb Code     2  startup_tm4c123.o(.text)
    COMP1_Handler                            0x000002cf   Thumb Code     2  startup_tm4c123.o(.text)
    COMP2_Handler                            0x000002d1   Thumb Code     2  startup_tm4c123.o(.text)
    SYSCTL_Handler                           0x000002d3   Thumb Code     2  startup_tm4c123.o(.text)
    FLASH_Handler                            0x000002d5   Thumb Code     2  startup_tm4c123.o(.text)
    GPIOG_Handler                            0x000002d9   Thumb Code     2  startup_tm4c123.o(.text)
    GPIOH_Handler                            0x000002db   Thumb Code     2  startup_tm4c123.o(.text)
    UART2_Handler                            0x000002dd   Thumb Code     2  startup_tm4c123.o(.text)
    SSI1_Handler                             0x000002df   Thumb Code     2  startup_tm4c123.o(.text)
    TIMER3A_Handler                          0x000002e1   Thumb Code     2  startup_tm4c123.o(.text)
    TIMER3B_Handler                          0x000002e3   Thumb Code     2  startup_tm4c123.o(.text)
    I2C1_Handler                             0x000002e5   Thumb Code     2  startup_tm4c123.o(.text)
    QEI1_Handler                             0x000002e7   Thumb Code     2  startup_tm4c123.o(.text)
    CAN0_Handler                             0x000002e9   Thumb Code     2  startup_tm4c123.o(.text)
    CAN1_Handler                             0x000002eb   Thumb Code     2  startup_tm4c123.o(.text)
    CAN2_Handler                             0x000002ed   Thumb Code     2  startup_tm4c123.o(.text)
    HIB_Handler                              0x000002ef   Thumb Code     2  startup_tm4c123.o(.text)
    USB0_Handler                             0x000002f1   Thumb Code     2  startup_tm4c123.o(.text)
    PWM0_3_Handler                           0x000002f3   Thumb Code     2  startup_tm4c123.o(.text)
    UDMA_Handler                             0x000002f5   Thumb Code     2  startup_tm4c123.o(.text)
    UDMAERR_Handler                          0x000002f7   Thumb Code     2  startup_tm4c123.o(.text)
    ADC1SS0_Handler                          0x000002f9   Thumb Code     2  startup_tm4c123.o(.text)
    ADC1SS1_Handler                          0x000002fb   Thumb Code     2  startup_tm4c123.o(.text)
    ADC1SS2_Handler                          0x000002fd   Thumb Code     2  startup_tm4c123.o(.text)
    ADC1SS3_Handler                          0x000002ff   Thumb Code     2  startup_tm4c123.o(.text)
    GPIOJ_Handler                            0x00000301   Thumb Code     2  startup_tm4c123.o(.text)
    GPIOK_Handler                            0x00000303   Thumb Code     2  startup_tm4c123.o(.text)
    GPIOL_Handler                            0x00000305   Thumb Code     2  startup_tm4c123.o(.text)
    SSI2_Handler                             0x00000307   Thumb Code     2  startup_tm4c123.o(.text)
    SSI3_Handler                             0x00000309   Thumb Code     2  startup_tm4c123.o(.text)
    UART3_Handler                            0x0000030b   Thumb Code     2  startup_tm4c123.o(.text)
    UART4_Handler                            0x0000030d   Thumb Code     2  startup_tm4c123.o(.text)
    UART5_Handler                            0x0000030f   Thumb Code     2  startup_tm4c123.o(.text)
    UART6_Handler                            0x00000311   Thumb Code     2  startup_tm4c123.o(.text)
    UART7_Handler                            0x00000313   Thumb Code     2  startup_tm4c123.o(.text)
    I2C2_Handler                             0x00000315   Thumb Code     2  startup_tm4c123.o(.text)
    I2C3_Handler                             0x00000317   Thumb Code     2  startup_tm4c123.o(.text)
    TIMER4A_Handler                          0x00000319   Thumb Code     2  startup_tm4c123.o(.text)
    TIMER4B_Handler                          0x0000031b   Thumb Code     2  startup_tm4c123.o(.text)
    TIMER5A_Handler                          0x0000031d   Thumb Code     2  startup_tm4c123.o(.text)
    TIMER5B_Handler                          0x0000031f   Thumb Code     2  startup_tm4c123.o(.text)
    WTIMER0A_Handler                         0x00000321   Thumb Code     2  startup_tm4c123.o(.text)
    WTIMER0B_Handler                         0x00000323   Thumb Code     2  startup_tm4c123.o(.text)
    WTIMER1A_Handler                         0x00000325   Thumb Code     2  startup_tm4c123.o(.text)
    WTIMER1B_Handler                         0x00000327   Thumb Code     2  startup_tm4c123.o(.text)
    WTIMER2A_Handler                         0x00000329   Thumb Code     2  startup_tm4c123.o(.text)
    WTIMER2B_Handler                         0x0000032b   Thumb Code     2  startup_tm4c123.o(.text)
    WTIMER3A_Handler                         0x0000032d   Thumb Code     2  startup_tm4c123.o(.text)
    WTIMER3B_Handler                         0x0000032f   Thumb Code     2  startup_tm4c123.o(.text)
    WTIMER4A_Handler                         0x00000331   Thumb Code     2  startup_tm4c123.o(.text)
    WTIMER4B_Handler                         0x00000333   Thumb Code     2  startup_tm4c123.o(.text)
    WTIMER5A_Handler                         0x00000335   Thumb Code     2  startup_tm4c123.o(.text)
    WTIMER5B_Handler                         0x00000337   Thumb Code     2  startup_tm4c123.o(.text)
    FPU_Handler                              0x00000339   Thumb Code     2  startup_tm4c123.o(.text)
    I2C4_Handler                             0x0000033b   Thumb Code     2  startup_tm4c123.o(.text)
    I2C5_Handler                             0x0000033d   Thumb Code     2  startup_tm4c123.o(.text)
    GPIOM_Handler                            0x0000033f   Thumb Code     2  startup_tm4c123.o(.text)
    GPION_Handler                            0x00000341   Thumb Code     2  startup_tm4c123.o(.text)
    QEI2_Handler                             0x00000343   Thumb Code     2  startup_tm4c123.o(.text)
    GPIOP0_Handler                           0x00000345   Thumb Code     2  startup_tm4c123.o(.text)
    GPIOP1_Handler                           0x00000347   Thumb Code     2  startup_tm4c123.o(.text)
    GPIOP2_Handler                           0x00000349   Thumb Code     2  startup_tm4c123.o(.text)
    GPIOP3_Handler                           0x0000034b   Thumb Code     2  startup_tm4c123.o(.text)
    GPIOP4_Handler                           0x0000034d   Thumb Code     2  startup_tm4c123.o(.text)
    GPIOP5_Handler                           0x0000034f   Thumb Code     2  startup_tm4c123.o(.text)
    GPIOP6_Handler                           0x00000351   Thumb Code     2  startup_tm4c123.o(.text)
    GPIOP7_Handler                           0x00000353   Thumb Code     2  startup_tm4c123.o(.text)
    GPIOQ0_Handler                           0x00000355   Thumb Code     2  startup_tm4c123.o(.text)
    GPIOQ1_Handler                           0x00000357   Thumb Code     2  startup_tm4c123.o(.text)
    GPIOQ2_Handler                           0x00000359   Thumb Code     2  startup_tm4c123.o(.text)
    GPIOQ3_Handler                           0x0000035b   Thumb Code     2  startup_tm4c123.o(.text)
    GPIOQ4_Handler                           0x0000035d   Thumb Code     2  startup_tm4c123.o(.text)
    GPIOQ5_Handler                           0x0000035f   Thumb Code     2  startup_tm4c123.o(.text)
    GPIOQ6_Handler                           0x00000361   Thumb Code     2  startup_tm4c123.o(.text)
    GPIOQ7_Handler                           0x00000363   Thumb Code     2  startup_tm4c123.o(.text)
    GPIOR_Handler                            0x00000365   Thumb Code     2  startup_tm4c123.o(.text)
    GPIOS_Handler                            0x00000367   Thumb Code     2  startup_tm4c123.o(.text)
    PMW1_0_Handler                           0x00000369   Thumb Code     2  startup_tm4c123.o(.text)
    PWM1_1_Handler                           0x0000036b   Thumb Code     2  startup_tm4c123.o(.text)
    PWM1_2_Handler                           0x0000036d   Thumb Code     2  startup_tm4c123.o(.text)
    PWM1_3_Handler                           0x0000036f   Thumb Code     2  startup_tm4c123.o(.text)
    PWM1_FAULT_Handler                       0x00000371   Thumb Code     2  startup_tm4c123.o(.text)
    __aeabi_memcpy                           0x0000037d   Thumb Code    36  memcpya.o(.text)
    __aeabi_memcpy4                          0x0000037d   Thumb Code     0  memcpya.o(.text)
    __aeabi_memcpy8                          0x0000037d   Thumb Code     0  memcpya.o(.text)
    __aeabi_memset                           0x000003a1   Thumb Code    14  memseta.o(.text)
    __aeabi_memset4                          0x000003a1   Thumb Code     0  memseta.o(.text)
    __aeabi_memset8                          0x000003a1   Thumb Code     0  memseta.o(.text)
    __aeabi_memclr                           0x000003af   Thumb Code     4  memseta.o(.text)
    __aeabi_memclr4                          0x000003af   Thumb Code     0  memseta.o(.text)
    __aeabi_memclr8                          0x000003af   Thumb Code     0  memseta.o(.text)
    _memset$wrapper                          0x000003b3   Thumb Code    18  memseta.o(.text)
    __scatterload                            0x000003c5   Thumb Code    28  init.o(.text)
    __scatterload_rt2                        0x000003c5   Thumb Code     0  init.o(.text)
    __decompress                             0x000003e9   Thumb Code     0  __dczerorl.o(.text)
    __decompress0                            0x000003e9   Thumb Code    58  __dczerorl.o(.text)
    GPIOA_Handler                            0x00000425   Thumb Code   360  main.o(.text.GPIOA_Handler)
    GPIOF_Handler                            0x0000058d   Thumb Code   112  main.o(.text.GPIOF_Handler)
    Obstacle                                 0x000005fd   Thumb Code    74  main.o(.text.Obstacle)
    OnOff                                    0x00000649   Thumb Code    68  main.o(.text.OnOff)
    PendSV_Handler                           0x00000691   Thumb Code   100  port.o(.text.PendSV_Handler)
    SVC_Handler                              0x00000701   Thumb Code    36  port.o(.text.SVC_Handler)
    SysTick_Handler                          0x00000725   Thumb Code    60  port.o(.text.SysTick_Handler)
    SystemInit                               0x00000761   Thumb Code   268  system_tm4c123.o(.text.SystemInit)
    WindowDown_Driver                        0x0000086d   Thumb Code   296  main.o(.text.WindowDown_Driver)
    WindowDown_Passenger                     0x00000995   Thumb Code   296  main.o(.text.WindowDown_Passenger)
    WindowUp_Driver                          0x00000abd   Thumb Code   298  main.o(.text.WindowUp_Driver)
    WindowUp_Passenger                       0x00000be9   Thumb Code   296  main.o(.text.WindowUp_Passenger)
    delayMs                                  0x00000d11   Thumb Code    62  main.o(.text.delayMs)
    initTask                                 0x00000d51   Thumb Code   428  main.o(.text.initTask)
    main                                     0x00000efd   Thumb Code   374  main.o(.text.main)
    pvPortMalloc                             0x00001df5   Thumb Code   192  heap_1.o(.text.pvPortMalloc)
    pvTaskIncrementMutexHeldCount            0x00001eb5   Thumb Code    44  tasks.o(.text.pvTaskIncrementMutexHeldCount)
    pxPortInitialiseStack                    0x00001ee1   Thumb Code    94  port.o(.text.pxPortInitialiseStack)
    uxListRemove                             0x00001f41   Thumb Code    72  list.o(.text.uxListRemove)
    uxTaskGetNumberOfTasks                   0x00001f89   Thumb Code    12  tasks.o(.text.uxTaskGetNumberOfTasks)
    vListInitialise                          0x00001f95   Thumb Code    46  list.o(.text.vListInitialise)
    vListInitialiseItem                      0x00001fc5   Thumb Code    14  list.o(.text.vListInitialiseItem)
    vListInsert                              0x00001fd5   Thumb Code   106  list.o(.text.vListInsert)
    vListInsertEnd                           0x00002041   Thumb Code    58  list.o(.text.vListInsertEnd)
    vPortEnterCritical                       0x00002091   Thumb Code    86  port.o(.text.vPortEnterCritical)
    vPortExitCritical                        0x000020e9   Thumb Code    74  port.o(.text.vPortExitCritical)
    vPortFree                                0x00002135   Thumb Code    36  heap_1.o(.text.vPortFree)
    vPortSetupTimerInterrupt                 0x00002159   Thumb Code    68  port.o(.text.vPortSetupTimerInterrupt)
    vPortValidateInterruptPriority           0x0000219d   Thumb Code   132  port.o(.text.vPortValidateInterruptPriority)
    vQueueWaitForMessageRestricted           0x00002221   Thumb Code   100  queue.o(.text.vQueueWaitForMessageRestricted)
    vTaskInternalSetTimeOutState             0x00002285   Thumb Code    36  tasks.o(.text.vTaskInternalSetTimeOutState)
    vTaskMissedYield                         0x000022a9   Thumb Code    14  tasks.o(.text.vTaskMissedYield)
    vTaskPlaceOnEventList                    0x000022b9   Thumb Code    66  tasks.o(.text.vTaskPlaceOnEventList)
    vTaskPlaceOnEventListRestricted          0x000022fd   Thumb Code   124  tasks.o(.text.vTaskPlaceOnEventListRestricted)
    vTaskPriorityDisinheritAfterTimeout      0x00002379   Thumb Code   386  tasks.o(.text.vTaskPriorityDisinheritAfterTimeout)
    vTaskStartScheduler                      0x000024fd   Thumb Code   178  tasks.o(.text.vTaskStartScheduler)
    vTaskSuspend                             0x000025b1   Thumb Code   378  tasks.o(.text.vTaskSuspend)
    vTaskSuspendAll                          0x0000272d   Thumb Code    16  tasks.o(.text.vTaskSuspendAll)
    vTaskSwitchContext                       0x0000273d   Thumb Code   190  tasks.o(.text.vTaskSwitchContext)
    xPortStartScheduler                      0x000027fd   Thumb Code   380  port.o(.text.xPortStartScheduler)
    xQueueCreateMutex                        0x00002979   Thumb Code    38  queue.o(.text.xQueueCreateMutex)
    xQueueGenericCreate                      0x000029a1   Thumb Code   154  queue.o(.text.xQueueGenericCreate)
    xQueueGenericReset                       0x00002a3d   Thumb Code   264  queue.o(.text.xQueueGenericReset)
    xQueueGenericSend                        0x00002b45   Thumb Code   628  queue.o(.text.xQueueGenericSend)
    xQueueGiveFromISR                        0x00002db9   Thumb Code   386  queue.o(.text.xQueueGiveFromISR)
    xQueueReceive                            0x00002f3d   Thumb Code   476  queue.o(.text.xQueueReceive)
    xQueueSemaphoreTake                      0x00003119   Thumb Code   528  queue.o(.text.xQueueSemaphoreTake)
    xTaskCheckForTimeOut                     0x00003329   Thumb Code   210  tasks.o(.text.xTaskCheckForTimeOut)
    xTaskCreate                              0x000033fd   Thumb Code   160  tasks.o(.text.xTaskCreate)
    xTaskGetSchedulerState                   0x0000349d   Thumb Code    56  tasks.o(.text.xTaskGetSchedulerState)
    xTaskGetTickCount                        0x000034d5   Thumb Code    20  tasks.o(.text.xTaskGetTickCount)
    xTaskIncrementTick                       0x000034e9   Thumb Code   608  tasks.o(.text.xTaskIncrementTick)
    xTaskPriorityDisinherit                  0x00003749   Thumb Code   312  tasks.o(.text.xTaskPriorityDisinherit)
    xTaskPriorityInherit                     0x00003881   Thumb Code   348  tasks.o(.text.xTaskPriorityInherit)
    xTaskRemoveFromEventList                 0x000039dd   Thumb Code   396  tasks.o(.text.xTaskRemoveFromEventList)
    xTaskResumeAll                           0x00003b69   Thumb Code   546  tasks.o(.text.xTaskResumeAll)
    xTimerCreateTimerTask                    0x00003d8d   Thumb Code   108  timers.o(.text.xTimerCreateTimerTask)
    GPIODirModeSet                           0x00003df9   Thumb Code    40  gpio.o(i.GPIODirModeSet)
    GPIOIntClear                             0x00003e21   Thumb Code     6  gpio.o(i.GPIOIntClear)
    GPIOIntEnable                            0x00003e27   Thumb Code    12  gpio.o(i.GPIOIntEnable)
    GPIOIntRegister                          0x00003e33   Thumb Code    26  gpio.o(i.GPIOIntRegister)
    GPIOIntTypeSet                           0x00003e4d   Thumb Code    80  gpio.o(i.GPIOIntTypeSet)
    GPIOPadConfigSet                         0x00003e9d   Thumb Code   354  gpio.o(i.GPIOPadConfigSet)
    GPIOPinRead                              0x0000400d   Thumb Code     6  gpio.o(i.GPIOPinRead)
    GPIOPinTypeGPIOInput                     0x00004013   Thumb Code    28  gpio.o(i.GPIOPinTypeGPIOInput)
    GPIOPinTypeGPIOOutput                    0x0000402f   Thumb Code    28  gpio.o(i.GPIOPinTypeGPIOOutput)
    GPIOPinWrite                             0x0000404b   Thumb Code     6  gpio.o(i.GPIOPinWrite)
    GPIOUnlockPin                            0x00004051   Thumb Code    18  gpio.o(i.GPIOUnlockPin)
    IntEnable                                0x00004069   Thumb Code    92  interrupt.o(i.IntEnable)
    IntPrioritySet                           0x000040cd   Thumb Code    36  interrupt.o(i.IntPrioritySet)
    IntRegister                              0x000040f5   Thumb Code    44  interrupt.o(i.IntRegister)
    SysCtlPeripheralEnable                   0x00004129   Thumb Code    36  sysctl.o(i.SysCtlPeripheralEnable)
    SysCtlPeripheralReady                    0x00004151   Thumb Code    40  sysctl.o(i.SysCtlPeripheralReady)
    __scatterload_copy                       0x000041cd   Thumb Code    14  handlers.o(i.__scatterload_copy)
    __scatterload_null                       0x000041db   Thumb Code     2  handlers.o(i.__scatterload_null)
    __scatterload_zeroinit                   0x000041dd   Thumb Code    14  handlers.o(i.__scatterload_zeroinit)
    uxTopUsedPriority                        0x00004584   Data           4  tasks.o(.rodata.uxTopUsedPriority)
    Region$$Table$$Base                      0x00004588   Number         0  anon$$obj.o(Region$$Table)
    Region$$Table$$Limit                     0x000045a8   Number         0  anon$$obj.o(Region$$Table)
    SystemCoreClock                          0x20000000   Data           4  system_tm4c123.o(.data.SystemCoreClock)
    MotorMutex                               0x20000670   Data           4  main.o(.bss.MotorMutex)
    ObstacleS                                0x20000674   Data           4  main.o(.bss.ObstacleS)
    OnOffS                                   0x20000678   Data           4  main.o(.bss.OnOffS)
    WindowDown_driverS                       0x2000067c   Data           4  main.o(.bss.WindowDown_driverS)
    WindowDown_passengerS                    0x20000680   Data           4  main.o(.bss.WindowDown_passengerS)
    WindowUp_driverS                         0x20000684   Data           4  main.o(.bss.WindowUp_driverS)
    WindowUp_passengerS                      0x20000688   Data           4  main.o(.bss.WindowUp_passengerS)
    pxCurrentTCB                             0x20000694   Data           4  tasks.o(.bss.pxCurrentTCB)
    __initial_sp                             0x20004a08   Data           0  startup_tm4c123.o(STACK)



==============================================================================

Memory Map of the image

  Image Entry point : 0x00000281

  Load Region LR_IROM1 (Base: 0x00000000, Size: 0x00004e70, Max: 0x00040000, ABSOLUTE, COMPRESSED[0x00004818])

    Execution Region ER_IROM1 (Exec base: 0x00000000, Load base: 0x00000000, Size: 0x000045a8, Max: 0x00040000, ABSOLUTE)

    Exec Addr    Load Addr    Size         Type   Attr      Idx    E Section Name        Object

    0x00000000   0x00000000   0x0000026c   Data   RO           41    RESET               startup_tm4c123.o
    0x0000026c   0x0000026c   0x00000000   Code   RO         1224  * .ARM.Collect$$$$00000000  mc_w.l(entry.o)
    0x0000026c   0x0000026c   0x00000004   Code   RO         1233    .ARM.Collect$$$$00000001  mc_w.l(entry2.o)
    0x00000270   0x00000270   0x00000004   Code   RO         1236    .ARM.Collect$$$$00000004  mc_w.l(entry5.o)
    0x00000274   0x00000274   0x00000000   Code   RO         1238    .ARM.Collect$$$$00000008  mc_w.l(entry7b.o)
    0x00000274   0x00000274   0x00000000   Code   RO         1240    .ARM.Collect$$$$0000000A  mc_w.l(entry8b.o)
    0x00000274   0x00000274   0x00000008   Code   RO         1241    .ARM.Collect$$$$0000000B  mc_w.l(entry9a.o)
    0x0000027c   0x0000027c   0x00000000   Code   RO         1243    .ARM.Collect$$$$0000000D  mc_w.l(entry10a.o)
    0x0000027c   0x0000027c   0x00000000   Code   RO         1245    .ARM.Collect$$$$0000000F  mc_w.l(entry11a.o)
    0x0000027c   0x0000027c   0x00000004   Code   RO         1234    .ARM.Collect$$$$00002712  mc_w.l(entry2.o)
    0x00000280   0x00000280   0x000000fc   Code   RO           42  * .text               startup_tm4c123.o
    0x0000037c   0x0000037c   0x00000024   Code   RO         1227    .text               mc_w.l(memcpya.o)
    0x000003a0   0x000003a0   0x00000024   Code   RO         1229    .text               mc_w.l(memseta.o)
    0x000003c4   0x000003c4   0x00000024   Code   RO         1247    .text               mc_w.l(init.o)
    0x000003e8   0x000003e8   0x0000003a   Code   RO         1257    .text               mc_w.l(__dczerorl.o)
    0x00000422   0x00000422   0x00000002   PAD
    0x00000424   0x00000424   0x00000168   Code   RO           18    .text.GPIOA_Handler  main.o
    0x0000058c   0x0000058c   0x00000070   Code   RO           20    .text.GPIOF_Handler  main.o
    0x000005fc   0x000005fc   0x0000004a   Code   RO           22    .text.Obstacle      main.o
    0x00000646   0x00000646   0x00000002   PAD
    0x00000648   0x00000648   0x00000044   Code   RO           16    .text.OnOff         main.o
    0x0000068c   0x0000068c   0x00000004   PAD
    0x00000690   0x00000690   0x00000064   Code   RO          101    .text.PendSV_Handler  port.o
    0x000006f4   0x000006f4   0x0000000c   PAD
    0x00000700   0x00000700   0x00000024   Code   RO           85    .text.SVC_Handler   port.o
    0x00000724   0x00000724   0x0000003c   Code   RO          103    .text.SysTick_Handler  port.o
    0x00000760   0x00000760   0x0000010c   Code   RO           53    .text.SystemInit    system_tm4c123.o
    0x0000086c   0x0000086c   0x00000128   Code   RO           10    .text.WindowDown_Driver  main.o
    0x00000994   0x00000994   0x00000128   Code   RO           14    .text.WindowDown_Passenger  main.o
    0x00000abc   0x00000abc   0x0000012a   Code   RO            8    .text.WindowUp_Driver  main.o
    0x00000be6   0x00000be6   0x00000002   PAD
    0x00000be8   0x00000be8   0x00000128   Code   RO           12    .text.WindowUp_Passenger  main.o
    0x00000d10   0x00000d10   0x0000003e   Code   RO            2    .text.delayMs       main.o
    0x00000d4e   0x00000d4e   0x00000002   PAD
    0x00000d50   0x00000d50   0x000001ac   Code   RO            6    .text.initTask      main.o
    0x00000efc   0x00000efc   0x00000176   Code   RO            4    .text.main          main.o
    0x00001072   0x00001072   0x00000002   PAD
    0x00001074   0x00001074   0x0000011a   Code   RO          228    .text.prvAddCurrentTaskToDelayedList  tasks.o
    0x0000118e   0x0000118e   0x00000002   PAD
    0x00001190   0x00001190   0x0000014e   Code   RO          216    .text.prvAddNewTaskToReadyList  tasks.o
    0x000012de   0x000012de   0x00000002   PAD
    0x000012e0   0x000012e0   0x0000006a   Code   RO          352    .text.prvCheckForValidListAndQueue  timers.o
    0x0000134a   0x0000134a   0x00000002   PAD
    0x0000134c   0x0000134c   0x0000005a   Code   RO          318    .text.prvCheckTasksWaitingTermination  tasks.o
    0x000013a6   0x000013a6   0x00000002   PAD
    0x000013a8   0x000013a8   0x00000042   Code   RO          169    .text.prvCopyDataFromQueue  queue.o
    0x000013ea   0x000013ea   0x00000002   PAD
    0x000013ec   0x000013ec   0x000000cc   Code   RO          155    .text.prvCopyDataToQueue  queue.o
    0x000014b8   0x000014b8   0x00000018   Code   RO          222    .text.prvDeleteTCB  tasks.o
    0x000014d0   0x000014d0   0x00000026   Code   RO          173    .text.prvGetDisinheritPriorityAfterTimeout  queue.o
    0x000014f6   0x000014f6   0x00000002   PAD
    0x000014f8   0x000014f8   0x00000040   Code   RO          382    .text.prvGetNextExpireTime  timers.o
    0x00001538   0x00001538   0x00000038   Code   RO          254    .text.prvIdleTask   tasks.o
    0x00001570   0x00001570   0x0000002c   Code   RO          143    .text.prvInitialiseMutex  queue.o
    0x0000159c   0x0000159c   0x00000044   Code   RO          139    .text.prvInitialiseNewQueue  queue.o
    0x000015e0   0x000015e0   0x00000116   Code   RO          214    .text.prvInitialiseNewTask  tasks.o
    0x000016f6   0x000016f6   0x00000002   PAD
    0x000016f8   0x000016f8   0x0000008e   Code   RO          316    .text.prvInitialiseTaskLists  tasks.o
    0x00001786   0x00001786   0x00000002   PAD
    0x00001788   0x00001788   0x00000086   Code   RO          396    .text.prvInsertTimerInActiveList  timers.o
    0x0000180e   0x0000180e   0x00000002   PAD
    0x00001810   0x00001810   0x00000028   Code   RO          171    .text.prvIsQueueEmpty  queue.o
    0x00001838   0x00001838   0x0000002e   Code   RO          159    .text.prvIsQueueFull  queue.o
    0x00001866   0x00001866   0x00000002   PAD
    0x00001868   0x00001868   0x000000ec   Code   RO          157    .text.prvNotifyQueueSetContainer  queue.o
    0x00001954   0x00001954   0x00000028   Code   RO           93    .text.prvPortStartFirstTask  port.o
    0x0000197c   0x0000197c   0x00000054   Code   RO          390    .text.prvProcessExpiredTimer  timers.o
    0x000019d0   0x000019d0   0x00000146   Code   RO          386    .text.prvProcessReceivedCommands  timers.o
    0x00001b16   0x00001b16   0x00000002   PAD
    0x00001b18   0x00001b18   0x0000009a   Code   RO          384    .text.prvProcessTimerOrBlockTask  timers.o
    0x00001bb2   0x00001bb2   0x00000002   PAD
    0x00001bb4   0x00001bb4   0x00000034   Code   RO          394    .text.prvReloadTimer  timers.o
    0x00001be8   0x00001be8   0x0000003c   Code   RO          220    .text.prvResetNextTaskUnblockTime  tasks.o
    0x00001c24   0x00001c24   0x00000044   Code   RO          388    .text.prvSampleTimeNow  timers.o
    0x00001c68   0x00001c68   0x00000052   Code   RO          392    .text.prvSwitchTimerLists  timers.o
    0x00001cba   0x00001cba   0x00000002   PAD
    0x00001cbc   0x00001cbc   0x0000004c   Code   RO           83    .text.prvTaskExitError  port.o
    0x00001d08   0x00001d08   0x0000001e   Code   RO          354    .text.prvTimerTask  timers.o
    0x00001d26   0x00001d26   0x00000002   PAD
    0x00001d28   0x00001d28   0x000000cc   Code   RO          161    .text.prvUnlockQueue  queue.o
    0x00001df4   0x00001df4   0x000000c0   Code   RO          117    .text.pvPortMalloc  heap_1.o
    0x00001eb4   0x00001eb4   0x0000002c   Code   RO          300    .text.pvTaskIncrementMutexHeldCount  tasks.o
    0x00001ee0   0x00001ee0   0x0000005e   Code   RO           81    .text.pxPortInitialiseStack  port.o
    0x00001f3e   0x00001f3e   0x00000002   PAD
    0x00001f40   0x00001f40   0x00000048   Code   RO           72    .text.uxListRemove  list.o
    0x00001f88   0x00001f88   0x0000000c   Code   RO          264    .text.uxTaskGetNumberOfTasks  tasks.o
    0x00001f94   0x00001f94   0x0000002e   Code   RO           64    .text.vListInitialise  list.o
    0x00001fc2   0x00001fc2   0x00000002   PAD
    0x00001fc4   0x00001fc4   0x0000000e   Code   RO           66    .text.vListInitialiseItem  list.o
    0x00001fd2   0x00001fd2   0x00000002   PAD
    0x00001fd4   0x00001fd4   0x0000006a   Code   RO           70    .text.vListInsert   list.o
    0x0000203e   0x0000203e   0x00000002   PAD
    0x00002040   0x00002040   0x0000003a   Code   RO           68    .text.vListInsertEnd  list.o
    0x0000207a   0x0000207a   0x00000002   PAD
    0x0000207c   0x0000207c   0x00000014   Code   RO           91    .text.vPortEnableVFP  port.o
    0x00002090   0x00002090   0x00000056   Code   RO           97    .text.vPortEnterCritical  port.o
    0x000020e6   0x000020e6   0x00000002   PAD
    0x000020e8   0x000020e8   0x0000004a   Code   RO           99    .text.vPortExitCritical  port.o
    0x00002132   0x00002132   0x00000002   PAD
    0x00002134   0x00002134   0x00000024   Code   RO          119    .text.vPortFree     heap_1.o
    0x00002158   0x00002158   0x00000044   Code   RO           89    .text.vPortSetupTimerInterrupt  port.o
    0x0000219c   0x0000219c   0x00000084   Code   RO          105    .text.vPortValidateInterruptPriority  port.o
    0x00002220   0x00002220   0x00000064   Code   RO          193    .text.vQueueWaitForMessageRestricted  queue.o
    0x00002284   0x00002284   0x00000024   Code   RO          282    .text.vTaskInternalSetTimeOutState  tasks.o
    0x000022a8   0x000022a8   0x0000000e   Code   RO          286    .text.vTaskMissedYield  tasks.o
    0x000022b6   0x000022b6   0x00000002   PAD
    0x000022b8   0x000022b8   0x00000042   Code   RO          270    .text.vTaskPlaceOnEventList  tasks.o
    0x000022fa   0x000022fa   0x00000002   PAD
    0x000022fc   0x000022fc   0x0000007c   Code   RO          274    .text.vTaskPlaceOnEventListRestricted  tasks.o
    0x00002378   0x00002378   0x00000182   Code   RO          296    .text.vTaskPriorityDisinheritAfterTimeout  tasks.o
    0x000024fa   0x000024fa   0x00000002   PAD
    0x000024fc   0x000024fc   0x000000b2   Code   RO          252    .text.vTaskStartScheduler  tasks.o
    0x000025ae   0x000025ae   0x00000002   PAD
    0x000025b0   0x000025b0   0x0000017a   Code   RO          242    .text.vTaskSuspend  tasks.o
    0x0000272a   0x0000272a   0x00000002   PAD
    0x0000272c   0x0000272c   0x00000010   Code   RO          226    .text.vTaskSuspendAll  tasks.o
    0x0000273c   0x0000273c   0x000000be   Code   RO          244    .text.vTaskSwitchContext  tasks.o
    0x000027fa   0x000027fa   0x00000002   PAD
    0x000027fc   0x000027fc   0x0000017c   Code   RO           87    .text.xPortStartScheduler  port.o
    0x00002978   0x00002978   0x00000026   Code   RO          141    .text.xQueueCreateMutex  queue.o
    0x0000299e   0x0000299e   0x00000002   PAD
    0x000029a0   0x000029a0   0x0000009a   Code   RO          137    .text.xQueueGenericCreate  queue.o
    0x00002a3a   0x00002a3a   0x00000002   PAD
    0x00002a3c   0x00002a3c   0x00000108   Code   RO          135    .text.xQueueGenericReset  queue.o
    0x00002b44   0x00002b44   0x00000274   Code   RO          147    .text.xQueueGenericSend  queue.o
    0x00002db8   0x00002db8   0x00000182   Code   RO          165    .text.xQueueGiveFromISR  queue.o
    0x00002f3a   0x00002f3a   0x00000002   PAD
    0x00002f3c   0x00002f3c   0x000001dc   Code   RO          167    .text.xQueueReceive  queue.o
    0x00003118   0x00003118   0x00000210   Code   RO          151    .text.xQueueSemaphoreTake  queue.o
    0x00003328   0x00003328   0x000000d2   Code   RO          284    .text.xTaskCheckForTimeOut  tasks.o
    0x000033fa   0x000033fa   0x00000002   PAD
    0x000033fc   0x000033fc   0x000000a0   Code   RO          212    .text.xTaskCreate   tasks.o
    0x0000349c   0x0000349c   0x00000038   Code   RO          290    .text.xTaskGetSchedulerState  tasks.o
    0x000034d4   0x000034d4   0x00000014   Code   RO          260    .text.xTaskGetTickCount  tasks.o
    0x000034e8   0x000034e8   0x00000260   Code   RO          258    .text.xTaskIncrementTick  tasks.o
    0x00003748   0x00003748   0x00000138   Code   RO          294    .text.xTaskPriorityDisinherit  tasks.o
    0x00003880   0x00003880   0x0000015c   Code   RO          292    .text.xTaskPriorityInherit  tasks.o
    0x000039dc   0x000039dc   0x0000018c   Code   RO          276    .text.xTaskRemoveFromEventList  tasks.o
    0x00003b68   0x00003b68   0x00000222   Code   RO          230    .text.xTaskResumeAll  tasks.o
    0x00003d8a   0x00003d8a   0x00000002   PAD
    0x00003d8c   0x00003d8c   0x0000006c   Code   RO          350    .text.xTimerCreateTimerTask  timers.o
    0x00003df8   0x00003df8   0x00000028   Code   RO          417    i.GPIODirModeSet    driverlib.lib(gpio.o)
    0x00003e20   0x00003e20   0x00000006   Code   RO          418    i.GPIOIntClear      driverlib.lib(gpio.o)
    0x00003e26   0x00003e26   0x0000000c   Code   RO          420    i.GPIOIntEnable     driverlib.lib(gpio.o)
    0x00003e32   0x00003e32   0x0000001a   Code   RO          421    i.GPIOIntRegister   driverlib.lib(gpio.o)
    0x00003e4c   0x00003e4c   0x00000050   Code   RO          425    i.GPIOIntTypeSet    driverlib.lib(gpio.o)
    0x00003e9c   0x00003e9c   0x00000170   Code   RO          429    i.GPIOPadConfigSet  driverlib.lib(gpio.o)
    0x0000400c   0x0000400c   0x00000006   Code   RO          431    i.GPIOPinRead       driverlib.lib(gpio.o)
    0x00004012   0x00004012   0x0000001c   Code   RO          440    i.GPIOPinTypeGPIOInput  driverlib.lib(gpio.o)
    0x0000402e   0x0000402e   0x0000001c   Code   RO          441    i.GPIOPinTypeGPIOOutput  driverlib.lib(gpio.o)
    0x0000404a   0x0000404a   0x00000006   Code   RO          459    i.GPIOPinWrite      driverlib.lib(gpio.o)
    0x00004050   0x00004050   0x00000018   Code   RO          460    i.GPIOUnlockPin     driverlib.lib(gpio.o)
    0x00004068   0x00004068   0x00000064   Code   RO          751    i.IntEnable         driverlib.lib(interrupt.o)
    0x000040cc   0x000040cc   0x00000028   Code   RO          762    i.IntPrioritySet    driverlib.lib(interrupt.o)
    0x000040f4   0x000040f4   0x00000034   Code   RO          763    i.IntRegister       driverlib.lib(interrupt.o)
    0x00004128   0x00004128   0x00000028   Code   RO          900    i.SysCtlPeripheralEnable  driverlib.lib(sysctl.o)
    0x00004150   0x00004150   0x0000002c   Code   RO          904    i.SysCtlPeripheralReady  driverlib.lib(sysctl.o)
    0x0000417c   0x0000417c   0x00000050   Code   RO          461    i._GPIOIntNumberGet  driverlib.lib(gpio.o)
    0x000041cc   0x000041cc   0x0000000e   Code   RO         1251    i.__scatterload_copy  mc_w.l(handlers.o)
    0x000041da   0x000041da   0x00000002   Code   RO         1252    i.__scatterload_null  mc_w.l(handlers.o)
    0x000041dc   0x000041dc   0x0000000e   Code   RO         1253    i.__scatterload_zeroinit  mc_w.l(handlers.o)
    0x000041ea   0x000041ea   0x00000002   PAD
    0x000041ec   0x000041ec   0x00000228   Data   RO          462    .constdata          driverlib.lib(gpio.o)
    0x00004414   0x00004414   0x0000010c   Data   RO          767    .constdata          driverlib.lib(interrupt.o)
    0x00004520   0x00004520   0x00000055   Data   RO           31    .rodata.str1.1      main.o
    0x00004575   0x00004575   0x00000005   Data   RO          336    .rodata.str1.1      tasks.o
    0x0000457a   0x0000457a   0x00000008   Data   RO          399    .rodata.str1.1      timers.o
    0x00004582   0x00004582   0x00000002   PAD
    0x00004584   0x00004584   0x00000004   Data   RO          321    .rodata.uxTopUsedPriority  tasks.o
    0x00004588   0x00004588   0x00000020   Data   RO         1250    Region$$Table       anon$$obj.o


    Execution Region RW_IRAM1 (Exec base: 0x20000000, Load base: 0x00004800, Size: 0x00004a08, Max: 0x00008000, ABSOLUTE, COMPRESSED[0x00000018])

    Exec Addr    Load Addr    Size         Type   Attr      Idx    E Section Name        Object

    0x20000000   COMPRESSED   0x00000004   Data   RW           55    .data.SystemCoreClock  system_tm4c123.o
    0x20000004   COMPRESSED   0x00000004   Data   RW          109    .data.uxCriticalNesting  port.o
    0x20000008   COMPRESSED   0x000003f8   PAD
    0x20000400   COMPRESSED   0x0000026c   Data   RW          768    vtable              driverlib.lib(interrupt.o)
    0x2000066c   COMPRESSED   0x00000004   PAD
    0x20000670        -       0x00000004   Zero   RW           30    .bss.MotorMutex     main.o
    0x20000674        -       0x00000004   Zero   RW           29    .bss.ObstacleS      main.o
    0x20000678        -       0x00000004   Zero   RW           26    .bss.OnOffS         main.o
    0x2000067c        -       0x00000004   Zero   RW           25    .bss.WindowDown_driverS  main.o
    0x20000680        -       0x00000004   Zero   RW           28    .bss.WindowDown_passengerS  main.o
    0x20000684        -       0x00000004   Zero   RW           24    .bss.WindowUp_driverS  main.o
    0x20000688        -       0x00000004   Zero   RW           27    .bss.WindowUp_passengerS  main.o
    0x2000068c        -       0x00000004   Zero   RW          403    .bss.prvSampleTimeNow.xLastTime  timers.o
    0x20000690        -       0x00000004   Zero   RW          125    .bss.pvPortMalloc.pucAlignedHeap  heap_1.o
    0x20000694        -       0x00000004   Zero   RW          320    .bss.pxCurrentTCB   tasks.o
    0x20000698        -       0x00000004   Zero   RW          401    .bss.pxCurrentTimerList  timers.o
    0x2000069c        -       0x00000004   Zero   RW          331    .bss.pxDelayedTaskList  tasks.o
    0x200006a0        -       0x00000004   Zero   RW          332    .bss.pxOverflowDelayedTaskList  tasks.o
    0x200006a4        -       0x00000004   Zero   RW          402    .bss.pxOverflowTimerList  timers.o
    0x200006a8        -       0x0000008c   Zero   RW          322    .bss.pxReadyTasksLists  tasks.o
    0x20000734        -       0x00004000   Zero   RW          126    .bss.ucHeap         heap_1.o
    0x20004734        -       0x00000001   Zero   RW          107    .bss.ucMaxSysCallPriority  port.o
    0x20004735   COMPRESSED   0x00000003   PAD
    0x20004738        -       0x00000004   Zero   RW          108    .bss.ulMaxPRIGROUPValue  port.o
    0x2000473c        -       0x00000004   Zero   RW          327    .bss.uxCurrentNumberOfTasks  tasks.o
    0x20004740        -       0x00000004   Zero   RW          326    .bss.uxDeletedTasksWaitingCleanUp  tasks.o
    0x20004744        -       0x00000004   Zero   RW          329    .bss.uxSchedulerSuspended  tasks.o
    0x20004748        -       0x00000004   Zero   RW          324    .bss.uxTaskNumber   tasks.o
    0x2000474c        -       0x00000004   Zero   RW          323    .bss.uxTopReadyPriority  tasks.o
    0x20004750        -       0x00000014   Zero   RW          404    .bss.xActiveTimerList1  timers.o
    0x20004764        -       0x00000014   Zero   RW          405    .bss.xActiveTimerList2  timers.o
    0x20004778        -       0x00000014   Zero   RW          341    .bss.xDelayedTaskList1  tasks.o
    0x2000478c        -       0x00000014   Zero   RW          342    .bss.xDelayedTaskList2  tasks.o
    0x200047a0        -       0x00000004   Zero   RW          337    .bss.xIdleTaskHandle  tasks.o
    0x200047a4        -       0x00000004   Zero   RW          127    .bss.xNextFreeByte  heap_1.o
    0x200047a8        -       0x00000004   Zero   RW          338    .bss.xNextTaskUnblockTime  tasks.o
    0x200047ac        -       0x00000004   Zero   RW          340    .bss.xNumOfOverflows  tasks.o
    0x200047b0        -       0x00000004   Zero   RW          339    .bss.xPendedTicks   tasks.o
    0x200047b4        -       0x00000014   Zero   RW          335    .bss.xPendingReadyList  tasks.o
    0x200047c8        -       0x00000004   Zero   RW          328    .bss.xSchedulerRunning  tasks.o
    0x200047cc        -       0x00000014   Zero   RW          333    .bss.xSuspendedTaskList  tasks.o
    0x200047e0        -       0x00000014   Zero   RW          325    .bss.xTasksWaitingTermination  tasks.o
    0x200047f4        -       0x00000004   Zero   RW          330    .bss.xTickCount     tasks.o
    0x200047f8        -       0x00000004   Zero   RW          398    .bss.xTimerQueue    timers.o
    0x200047fc        -       0x00000004   Zero   RW          400    .bss.xTimerTaskHandle  timers.o
    0x20004800        -       0x00000004   Zero   RW          334    .bss.xYieldPending  tasks.o
    0x20004804   COMPRESSED   0x00000004   PAD
    0x20004808        -       0x00000200   Zero   RW           39    STACK               startup_tm4c123.o


==============================================================================

Image component sizes


      Code (inc. data)   RO Data    RW Data    ZI Data      Debug   Object Name

       228          0          0          0      16392       1727   heap_1.o
       296          0          0          0          0       2318   list.o
      2664          0         85          0         28       3820   main.o
      1166         16          0          4          5       3958   port.o
      3520          0          0          0          0      16042   queue.o
       252         10        620          0        512       5448   startup_tm4c123.o
       268          0          0          4          0       6730   system_tm4c123.o
      5366          0          9          0        300      22199   tasks.o
      1208         10          8          0         60       8388   timers.o

    ----------------------------------------------------------------------
     15056         48        756       1024      17304      70630   Object Totals
         0          0         32          0          0          0   (incl. Generated)
        88         12          2       1016          7          0   (incl. Padding)

    ----------------------------------------------------------------------

      Code (inc. data)   RO Data    RW Data    ZI Data      Debug   Library Member Name

       704         38        552          0          0      12242   gpio.o
       192         20        268        620          0       2679   interrupt.o
        84          8          0          0          0       1021   sysctl.o
        58          0          0          0          0          0   __dczerorl.o
         0          0          0          0          0          0   entry.o
         0          0          0          0          0          0   entry10a.o
         0          0          0          0          0          0   entry11a.o
         8          4          0          0          0          0   entry2.o
         4          0          0          0          0          0   entry5.o
         0          0          0          0          0          0   entry7b.o
         0          0          0          0          0          0   entry8b.o
         8          4          0          0          0          0   entry9a.o
        30          0          0          0          0          0   handlers.o
        36          8          0          0          0         68   init.o
        36          0          0          0          0         68   memcpya.o
        36          0          0          0          0        108   memseta.o

    ----------------------------------------------------------------------
      1200         82        820        620          4      16186   Library Totals
         4          0          0          0          4          0   (incl. Padding)

    ----------------------------------------------------------------------

      Code (inc. data)   RO Data    RW Data    ZI Data      Debug   Library Name

       980         66        820        620          0      15942   driverlib.lib
       216         16          0          0          0        244   mc_w.l

    ----------------------------------------------------------------------
      1200         82        820        620          4      16186   Library Totals

    ----------------------------------------------------------------------

==============================================================================


      Code (inc. data)   RO Data    RW Data    ZI Data      Debug   

     16256        130       1576       1644      17308      85708   Grand Totals
     16256        130       1576         24      17308      85708   ELF Image Totals (compressed)
     16256        130       1576         24          0          0   ROM Totals

==============================================================================

    Total RO  Size (Code + RO Data)                17832 (  17.41kB)
    Total RW  Size (RW Data + ZI Data)             18952 (  18.51kB)
    Total ROM Size (Code + RO Data + RW Data)      17856 (  17.44kB)

==============================================================================

